Archive member included to satisfy reference by file (symbol)

/usr/bin/gcc-arm-none-eabi-6-2017-q2-update/bin/../lib/gcc/arm-none-eabi/6.3.1/../../../../arm-none-eabi/lib/thumb/v7-m/libc_nano.a(lib_a-assert.o)
                              build/uavcan.o (__assert_func)
/usr/bin/gcc-arm-none-eabi-6-2017-q2-update/bin/../lib/gcc/arm-none-eabi/6.3.1/../../../../arm-none-eabi/lib/thumb/v7-m/libc_nano.a(lib_a-exit.o)
                              /usr/bin/gcc-arm-none-eabi-6-2017-q2-update/bin/../lib/gcc/arm-none-eabi/6.3.1/../../../../arm-none-eabi/lib/thumb/v7-m/crt0.o (exit)
/usr/bin/gcc-arm-none-eabi-6-2017-q2-update/bin/../lib/gcc/arm-none-eabi/6.3.1/../../../../arm-none-eabi/lib/thumb/v7-m/libc_nano.a(lib_a-fprintf.o)
                              /usr/bin/gcc-arm-none-eabi-6-2017-q2-update/bin/../lib/gcc/arm-none-eabi/6.3.1/../../../../arm-none-eabi/lib/thumb/v7-m/libc_nano.a(lib_a-assert.o) (fiprintf)
/usr/bin/gcc-arm-none-eabi-6-2017-q2-update/bin/../lib/gcc/arm-none-eabi/6.3.1/../../../../arm-none-eabi/lib/thumb/v7-m/libc_nano.a(lib_a-impure.o)
                              /usr/bin/gcc-arm-none-eabi-6-2017-q2-update/bin/../lib/gcc/arm-none-eabi/6.3.1/../../../../arm-none-eabi/lib/thumb/v7-m/libc_nano.a(lib_a-exit.o) (_global_impure_ptr)
/usr/bin/gcc-arm-none-eabi-6-2017-q2-update/bin/../lib/gcc/arm-none-eabi/6.3.1/../../../../arm-none-eabi/lib/thumb/v7-m/libc_nano.a(lib_a-init.o)
                              /usr/bin/gcc-arm-none-eabi-6-2017-q2-update/bin/../lib/gcc/arm-none-eabi/6.3.1/../../../../arm-none-eabi/lib/thumb/v7-m/crt0.o (__libc_init_array)
/usr/bin/gcc-arm-none-eabi-6-2017-q2-update/bin/../lib/gcc/arm-none-eabi/6.3.1/../../../../arm-none-eabi/lib/thumb/v7-m/libc_nano.a(lib_a-memcpy-stub.o)
                              build/canard.o (memcpy)
/usr/bin/gcc-arm-none-eabi-6-2017-q2-update/bin/../lib/gcc/arm-none-eabi/6.3.1/../../../../arm-none-eabi/lib/thumb/v7-m/libc_nano.a(lib_a-memset.o)
                              /usr/bin/gcc-arm-none-eabi-6-2017-q2-update/bin/../lib/gcc/arm-none-eabi/6.3.1/../../../../arm-none-eabi/lib/thumb/v7-m/crt0.o (memset)
/usr/bin/gcc-arm-none-eabi-6-2017-q2-update/bin/../lib/gcc/arm-none-eabi/6.3.1/../../../../arm-none-eabi/lib/thumb/v7-m/libc_nano.a(lib_a-nano-vfprintf.o)
                              /usr/bin/gcc-arm-none-eabi-6-2017-q2-update/bin/../lib/gcc/arm-none-eabi/6.3.1/../../../../arm-none-eabi/lib/thumb/v7-m/libc_nano.a(lib_a-fprintf.o) (_vfprintf_r)
/usr/bin/gcc-arm-none-eabi-6-2017-q2-update/bin/../lib/gcc/arm-none-eabi/6.3.1/../../../../arm-none-eabi/lib/thumb/v7-m/libc_nano.a(lib_a-nano-vfprintf_i.o)
                              /usr/bin/gcc-arm-none-eabi-6-2017-q2-update/bin/../lib/gcc/arm-none-eabi/6.3.1/../../../../arm-none-eabi/lib/thumb/v7-m/libc_nano.a(lib_a-nano-vfprintf.o) (_printf_i)
/usr/bin/gcc-arm-none-eabi-6-2017-q2-update/bin/../lib/gcc/arm-none-eabi/6.3.1/../../../../arm-none-eabi/lib/thumb/v7-m/libc_nano.a(lib_a-wbuf.o)
                              /usr/bin/gcc-arm-none-eabi-6-2017-q2-update/bin/../lib/gcc/arm-none-eabi/6.3.1/../../../../arm-none-eabi/lib/thumb/v7-m/libc_nano.a(lib_a-nano-vfprintf.o) (__swbuf_r)
/usr/bin/gcc-arm-none-eabi-6-2017-q2-update/bin/../lib/gcc/arm-none-eabi/6.3.1/../../../../arm-none-eabi/lib/thumb/v7-m/libc_nano.a(lib_a-wsetup.o)
                              /usr/bin/gcc-arm-none-eabi-6-2017-q2-update/bin/../lib/gcc/arm-none-eabi/6.3.1/../../../../arm-none-eabi/lib/thumb/v7-m/libc_nano.a(lib_a-nano-vfprintf.o) (__swsetup_r)
/usr/bin/gcc-arm-none-eabi-6-2017-q2-update/bin/../lib/gcc/arm-none-eabi/6.3.1/../../../../arm-none-eabi/lib/thumb/v7-m/libc_nano.a(lib_a-abort.o)
                              /usr/bin/gcc-arm-none-eabi-6-2017-q2-update/bin/../lib/gcc/arm-none-eabi/6.3.1/../../../../arm-none-eabi/lib/thumb/v7-m/libc_nano.a(lib_a-assert.o) (abort)
/usr/bin/gcc-arm-none-eabi-6-2017-q2-update/bin/../lib/gcc/arm-none-eabi/6.3.1/../../../../arm-none-eabi/lib/thumb/v7-m/libc_nano.a(lib_a-fflush.o)
                              /usr/bin/gcc-arm-none-eabi-6-2017-q2-update/bin/../lib/gcc/arm-none-eabi/6.3.1/../../../../arm-none-eabi/lib/thumb/v7-m/libc_nano.a(lib_a-wbuf.o) (_fflush_r)
/usr/bin/gcc-arm-none-eabi-6-2017-q2-update/bin/../lib/gcc/arm-none-eabi/6.3.1/../../../../arm-none-eabi/lib/thumb/v7-m/libc_nano.a(lib_a-findfp.o)
                              /usr/bin/gcc-arm-none-eabi-6-2017-q2-update/bin/../lib/gcc/arm-none-eabi/6.3.1/../../../../arm-none-eabi/lib/thumb/v7-m/libc_nano.a(lib_a-nano-vfprintf.o) (__sinit)
/usr/bin/gcc-arm-none-eabi-6-2017-q2-update/bin/../lib/gcc/arm-none-eabi/6.3.1/../../../../arm-none-eabi/lib/thumb/v7-m/libc_nano.a(lib_a-fvwrite.o)
                              /usr/bin/gcc-arm-none-eabi-6-2017-q2-update/bin/../lib/gcc/arm-none-eabi/6.3.1/../../../../arm-none-eabi/lib/thumb/v7-m/libc_nano.a(lib_a-nano-vfprintf.o) (__sfvwrite_r)
[...]
Memory Configuration

Name             Origin             Length             Attributes
RAM              0x0000000020000000 0x0000000000005000 xrw
FLASH            0x0000000008000000 0x0000000000010000 xr
*default*        0x0000000000000000 0xffffffffffffffff

Linker script and memory map

LOAD /usr/bin/gcc-arm-none-eabi-6-2017-q2-update/bin/../lib/gcc/arm-none-eabi/6.3.1/thumb/v7-m/crti.o
LOAD /usr/bin/gcc-arm-none-eabi-6-2017-q2-update/bin/../lib/gcc/arm-none-eabi/6.3.1/thumb/v7-m/crtbegin.o
LOAD /usr/bin/gcc-arm-none-eabi-6-2017-q2-update/bin/../lib/gcc/arm-none-eabi/6.3.1/../../../../arm-none-eabi/lib/thumb/v7-m/crt0.o
LOAD build/main.o
LOAD build/stm32f1xx_it.o
LOAD build/stm32f1xx_hal_msp.o
LOAD build/stm32f1xx_hal_gpio_ex.o
LOAD build/stm32f1xx_hal_can.o
LOAD build/stm32f1xx_hal_tim.o
LOAD build/stm32f1xx_hal_tim_ex.o
LOAD build/stm32f1xx_hal_uart.o
LOAD build/stm32f1xx_hal.o
LOAD build/stm32f1xx_hal_rcc.o
LOAD build/stm32f1xx_hal_rcc_ex.o
LOAD build/stm32f1xx_hal_gpio.o
LOAD build/stm32f1xx_hal_dma.o
LOAD build/stm32f1xx_hal_cortex.o
LOAD build/stm32f1xx_hal_pwr.o
LOAD build/stm32f1xx_hal_flash.o
LOAD build/stm32f1xx_hal_flash_ex.o
LOAD build/stm32f1xx_ll_rcc.o
LOAD build/uavcan.o
LOAD build/system_stm32f1xx.o
LOAD build/canard.o
LOAD build/canard_stm32.o
LOAD build/startup_stm32f103xb.o
LOAD /usr/bin/gcc-arm-none-eabi-6-2017-q2-update/bin/../lib/gcc/arm-none-eabi/6.3.1/../../../../arm-none-eabi/lib/thumb/v7-m/libc_nano.a
LOAD /usr/bin/gcc-arm-none-eabi-6-2017-q2-update/bin/../lib/gcc/arm-none-eabi/6.3.1/../../../../arm-none-eabi/lib/thumb/v7-m/libm.a
LOAD /usr/bin/gcc-arm-none-eabi-6-2017-q2-update/bin/../lib/gcc/arm-none-eabi/6.3.1/../../../../arm-none-eabi/lib/thumb/v7-m/libnosys.a
START GROUP
LOAD /usr/bin/gcc-arm-none-eabi-6-2017-q2-update/bin/../lib/gcc/arm-none-eabi/6.3.1/thumb/v7-m/libgcc.a
LOAD /usr/bin/gcc-arm-none-eabi-6-2017-q2-update/bin/../lib/gcc/arm-none-eabi/6.3.1/../../../../arm-none-eabi/lib/thumb/v7-m/libc_nano.a
END GROUP
START GROUP
LOAD /usr/bin/gcc-arm-none-eabi-6-2017-q2-update/bin/../lib/gcc/arm-none-eabi/6.3.1/thumb/v7-m/libgcc.a
LOAD /usr/bin/gcc-arm-none-eabi-6-2017-q2-update/bin/../lib/gcc/arm-none-eabi/6.3.1/../../../../arm-none-eabi/lib/thumb/v7-m/libc_nano.a
END GROUP
LOAD /usr/bin/gcc-arm-none-eabi-6-2017-q2-update/bin/../lib/gcc/arm-none-eabi/6.3.1/thumb/v7-m/crtend.o
LOAD /usr/bin/gcc-arm-none-eabi-6-2017-q2-update/bin/../lib/gcc/arm-none-eabi/6.3.1/thumb/v7-m/crtn.o
                0x0000000020005000                _estack = 0x20005000
                0x0000000000000200                _Min_Heap_Size = 0x200
                0x0000000000000400                _Min_Stack_Size = 0x400

.isr_vector     0x0000000008000000      0x10c
                0x0000000008000000                . = ALIGN (0x4)
 *(.isr_vector)
 .isr_vector    0x0000000008000000      0x10c build/startup_stm32f103xb.o
                0x0000000008000000                g_pfnVectors
                0x000000000800010c                . = ALIGN (0x4)

.text           0x0000000008000110     0x39ec
                0x0000000008000110                . = ALIGN (0x4)
 *(.text)
 .text          0x0000000008000110       0x6c /usr/bin/gcc-arm-none-eabi-6-2017-q2-update/bin/../lib/gcc/arm-none-eabi/6.3.1/thumb/v7-m/crtbegin.o
 *(.text*)
 .text.MX_GPIO_Init
                0x000000000800017c       0x70 build/main.o
 .text._Error_Handler
                0x00000000080001ec        0x2 build/main.o
                0x00000000080001ec                _Error_Handler
 *fill*         0x00000000080001ee        0x2 
 .text.MX_USART1_UART_Init
                0x00000000080001f0       0x3c build/main.o
 .text.MX_CAN_Init
                0x000000000800022c       0x40 build/main.o
 .text.SystemClock_Config
                0x000000000800026c       0x84 build/main.o
                0x000000000800026c                SystemClock_Config
 .text.main     0x00000000080002f0       0x28 build/main.o
                0x00000000080002f0                main
 .text.NMI_Handler
                0x0000000008000318        0x2 build/stm32f1xx_it.o
                0x0000000008000318                NMI_Handler
 .text.HardFault_Handler
                0x000000000800031a        0x2 build/stm32f1xx_it.o
                0x000000000800031a                HardFault_Handler
 .text.MemManage_Handler
                0x000000000800031c        0x2 build/stm32f1xx_it.o
                0x000000000800031c                MemManage_Handler
 .text.BusFault_Handler
                0x000000000800031e        0x2 build/stm32f1xx_it.o
                0x000000000800031e                BusFault_Handler
 .text.UsageFault_Handler
                0x0000000008000320        0x2 build/stm32f1xx_it.o
                0x0000000008000320                UsageFault_Handler
 .text.SVC_Handler
                0x0000000008000322        0x2 build/stm32f1xx_it.o
                0x0000000008000322                SVC_Handler
 .text.DebugMon_Handler
                0x0000000008000324        0x2 build/stm32f1xx_it.o
                0x0000000008000324                DebugMon_Handler
 .text.PendSV_Handler
                0x0000000008000326        0x2 build/stm32f1xx_it.o
                0x0000000008000326                PendSV_Handler
 .text.SysTick_Handler
                0x0000000008000328        0xc build/stm32f1xx_it.o
                0x0000000008000328                SysTick_Handler
 .text.USART1_IRQHandler
                0x0000000008000334       0x10 build/stm32f1xx_it.o
                0x0000000008000334                USART1_IRQHandler
 .text.HAL_MspInit
                0x0000000008000344       0xa0 build/stm32f1xx_hal_msp.o
                0x0000000008000344                HAL_MspInit
 .text.HAL_CAN_MspInit
                0x00000000080003e4       0x5c build/stm32f1xx_hal_msp.o
                0x00000000080003e4                HAL_CAN_MspInit
 .text.HAL_UART_MspInit
                0x0000000008000440       0x6c build/stm32f1xx_hal_msp.o
                0x0000000008000440                HAL_UART_MspInit
 .text.HAL_CAN_Init
                0x00000000080004ac      0x142 build/stm32f1xx_hal_can.o
                0x00000000080004ac                HAL_CAN_Init
 .text.UART_EndRxTransfer
                0x00000000080005ee       0x1c build/stm32f1xx_hal_uart.o
 .text.UART_Transmit_IT
                0x000000000800060a       0x6a build/stm32f1xx_hal_uart.o
 .text.UART_SetConfig
                0x0000000008000674      0x1b0 build/stm32f1xx_hal_uart.o
 .text.HAL_UART_Init
                0x0000000008000824       0x5e build/stm32f1xx_hal_uart.o
                0x0000000008000824                HAL_UART_Init
 .text.HAL_UART_TxCpltCallback
                0x0000000008000882        0x2 build/stm32f1xx_hal_uart.o
                0x0000000008000882                HAL_UART_TxCpltCallback
 .text.UART_EndTransmit_IT
                0x0000000008000884       0x1a build/stm32f1xx_hal_uart.o
 .text.HAL_UART_RxCpltCallback
                0x000000000800089e        0x2 build/stm32f1xx_hal_uart.o
                0x000000000800089e                HAL_UART_RxCpltCallback
 .text.UART_Receive_IT
                0x00000000080008a0       0x9e build/stm32f1xx_hal_uart.o
 .text.HAL_UART_ErrorCallback
                0x000000000800093e        0x2 build/stm32f1xx_hal_uart.o
                0x000000000800093e                HAL_UART_ErrorCallback
 .text.HAL_UART_IRQHandler
                0x0000000008000940      0x120 build/stm32f1xx_hal_uart.o
                0x0000000008000940                HAL_UART_IRQHandler
 .text.UART_DMAAbortOnError
                0x0000000008000a60       0x10 build/stm32f1xx_hal_uart.o
 .text.HAL_InitTick
                0x0000000008000a70       0x4c build/stm32f1xx_hal.o
                0x0000000008000a70                HAL_InitTick
 .text.HAL_Init
                0x0000000008000abc       0x24 build/stm32f1xx_hal.o
                0x0000000008000abc                HAL_Init
 .text.HAL_IncTick
                0x0000000008000ae0       0x18 build/stm32f1xx_hal.o
                0x0000000008000ae0                HAL_IncTick
 .text.HAL_GetTick
                0x0000000008000af8        0xc build/stm32f1xx_hal.o
                0x0000000008000af8                HAL_GetTick
 .text.HAL_Delay
                0x0000000008000b04       0x28 build/stm32f1xx_hal.o
                0x0000000008000b04                HAL_Delay
 .text.RCC_Delay
                0x0000000008000b2c       0x2c build/stm32f1xx_hal_rcc.o
 .text.HAL_RCC_OscConfig
                0x0000000008000b58      0x3e0 build/stm32f1xx_hal_rcc.o
                0x0000000008000b58                HAL_RCC_OscConfig
 .text.HAL_RCC_GetSysClockFreq
                0x0000000008000f38       0x6c build/stm32f1xx_hal_rcc.o
                0x0000000008000f38                HAL_RCC_GetSysClockFreq
 .text.HAL_RCC_ClockConfig
                0x0000000008000fa4      0x178 build/stm32f1xx_hal_rcc.o
                0x0000000008000fa4                HAL_RCC_ClockConfig
 .text.HAL_RCC_GetHCLKFreq
                0x000000000800111c        0xc build/stm32f1xx_hal_rcc.o
                0x000000000800111c                HAL_RCC_GetHCLKFreq
 .text.HAL_RCC_GetPCLK1Freq
                0x0000000008001128       0x20 build/stm32f1xx_hal_rcc.o
                0x0000000008001128                HAL_RCC_GetPCLK1Freq
 .text.HAL_RCC_GetPCLK2Freq
                0x0000000008001148       0x20 build/stm32f1xx_hal_rcc.o
                0x0000000008001148                HAL_RCC_GetPCLK2Freq
 .text.HAL_GPIO_Init
                0x0000000008001168      0x1ec build/stm32f1xx_hal_gpio.o
                0x0000000008001168                HAL_GPIO_Init
 .text.HAL_GPIO_WritePin
                0x0000000008001354        0xc build/stm32f1xx_hal_gpio.o
                0x0000000008001354                HAL_GPIO_WritePin
 .text.HAL_GPIO_TogglePin
                0x0000000008001360        0x8 build/stm32f1xx_hal_gpio.o
                0x0000000008001360                HAL_GPIO_TogglePin
 .text.HAL_DMA_Abort_IT
                0x0000000008001368       0x98 build/stm32f1xx_hal_dma.o
                0x0000000008001368                HAL_DMA_Abort_IT
 .text.HAL_NVIC_SetPriorityGrouping
                0x0000000008001400       0x24 build/stm32f1xx_hal_cortex.o
                0x0000000008001400                HAL_NVIC_SetPriorityGrouping
 .text.HAL_NVIC_SetPriority
                0x0000000008001424       0x64 build/stm32f1xx_hal_cortex.o
                0x0000000008001424                HAL_NVIC_SetPriority
 .text.HAL_NVIC_EnableIRQ
                0x0000000008001488       0x18 build/stm32f1xx_hal_cortex.o
                0x0000000008001488                HAL_NVIC_EnableIRQ
 .text.HAL_SYSTICK_Config
                0x00000000080014a0       0x2c build/stm32f1xx_hal_cortex.o
                0x00000000080014a0                HAL_SYSTICK_Config
 .text.HAL_SYSTICK_CLKSourceConfig
                0x00000000080014cc       0x20 build/stm32f1xx_hal_cortex.o
                0x00000000080014cc                HAL_SYSTICK_CLKSourceConfig
 .text.HAL_SYSTICK_Callback
                0x00000000080014ec        0x2 build/stm32f1xx_hal_cortex.o
                0x00000000080014ec                HAL_SYSTICK_Callback
 .text.HAL_SYSTICK_IRQHandler
                0x00000000080014ee        0x8 build/stm32f1xx_hal_cortex.o
                0x00000000080014ee                HAL_SYSTICK_IRQHandler
 *fill*         0x00000000080014f6        0x2 
 .text.shouldAcceptTransfer
                0x00000000080014f8       0x28 build/uavcan.o
                0x00000000080014f8                shouldAcceptTransfer
 .text.uavcanInit
                0x0000000008001520      0x148 build/uavcan.o
                0x0000000008001520                uavcanInit
 .text.sendCanard
                0x0000000008001668       0x30 build/uavcan.o
                0x0000000008001668                sendCanard
 .text.receiveCanard
                0x0000000008001698       0x30 build/uavcan.o
                0x0000000008001698                receiveCanard
 .text.makeNodeStatusMessage
                0x00000000080016c8       0x58 build/uavcan.o
                0x00000000080016c8                makeNodeStatusMessage
 .text.spinCanard
                0x0000000008001720       0x70 build/uavcan.o
                0x0000000008001720                spinCanard
 .text.readUniqueID
                0x0000000008001790       0x10 build/uavcan.o
                0x0000000008001790                readUniqueID
 .text.makeNodeInfoMessage
                0x00000000080017a0       0x64 build/uavcan.o
                0x00000000080017a0                makeNodeInfoMessage
 *fill*         0x0000000008001804        0x4 
 .text.getNodeInfoHandleCanard
                0x0000000008001808       0x4c build/uavcan.o
                0x0000000008001808                getNodeInfoHandleCanard
 .text.onTransferReceived
                0x0000000008001854       0x18 build/uavcan.o
                0x0000000008001854                onTransferReceived
 .text.SystemInit
                0x000000000800186c       0x4c build/system_stm32f1xx.o
                0x000000000800186c                SystemInit
 .text.computeTransferIDForwardDistance
                0x00000000080018b8       0x12 build/canard.o
 .text.isPriorityHigher
                0x00000000080018ca       0x52 build/canard.o
 .text.extractTransferType
                0x000000000800191c       0x18 build/canard.o
 .text.extractDataType
                0x0000000008001934       0x22 build/canard.o
 .text.findRxState
                0x0000000008001956        0xe build/canard.o
 .text.isBigEndian
                0x0000000008001964        0x4 build/canard.o
 .text.crcAddByte
                0x0000000008001968       0x2a build/canard.o
 .text.crcAddSignature
                0x0000000008001992       0x32 build/canard.o
 .text.crcAdd   0x00000000080019c4       0x18 build/canard.o
 .text.initPoolAllocator
                0x00000000080019dc       0x24 build/canard.o
 .text.allocateBlock
                0x0000000008001a00       0x24 build/canard.o
 .text.createBufferBlock
                0x0000000008001a24       0x12 build/canard.o
 .text.bufferBlockPushBytes
                0x0000000008001a36      0x120 build/canard.o
 *fill*         0x0000000008001b56        0x2 
 .text.pushTxQueue
                0x0000000008001b58       0x80 build/canard.o
 .text.incrementTransferID
                0x0000000008001bd8       0x30 build/canard.o
 .text.freeBlock
                0x0000000008001c08       0x2c build/canard.o
 .text.releaseStatePayload
                0x0000000008001c34       0x28 build/canard.o
 .text.prepareForNextTransfer
                0x0000000008001c5c       0x40 build/canard.o
 .text.copyBitArray
                0x0000000008001c9c       0x94 build/canard.o
 .text.swapByteOrder
                0x0000000008001d30       0x38 build/canard.o
 .text.createTxItem
                0x0000000008001d68       0x1a build/canard.o
 *fill*         0x0000000008001d82        0x2 
 .text.enqueueTxFrames
                0x0000000008001d84      0x140 build/canard.o
 .text.createRxState
                0x0000000008001ec4       0x3a build/canard.o
 .text.prependRxState
                0x0000000008001efe       0x18 build/canard.o
 .text.traverseRxStates
                0x0000000008001f16       0x34 build/canard.o
 *fill*         0x0000000008001f4a        0x2 
 .text.canardInit
                0x0000000008001f4c       0x54 build/canard.o
                0x0000000008001f4c                canardInit
 .text.canardSetLocalNodeID
                0x0000000008001fa0       0x3c build/canard.o
                0x0000000008001fa0                canardSetLocalNodeID
 .text.canardGetLocalNodeID
                0x0000000008001fdc        0x4 build/canard.o
                0x0000000008001fdc                canardGetLocalNodeID
 .text.canardBroadcast
                0x0000000008001fe0       0xc6 build/canard.o
                0x0000000008001fe0                canardBroadcast
 .text.canardRequestOrRespond
                0x00000000080020a6       0x9c build/canard.o
                0x00000000080020a6                canardRequestOrRespond
 .text.canardPeekTxQueue
                0x0000000008002142        0xc build/canard.o
                0x0000000008002142                canardPeekTxQueue
 .text.canardPopTxQueue
                0x000000000800214e       0x10 build/canard.o
                0x000000000800214e                canardPopTxQueue
 *fill*         0x000000000800215e        0x2 
 .text.canardEncodeScalar
                0x0000000008002160      0x104 build/canard.o
                0x0000000008002160                canardEncodeScalar
 .text.canardReleaseRxTransferPayload
                0x0000000008002264       0x26 build/canard.o
                0x0000000008002264                canardReleaseRxTransferPayload
 *fill*         0x000000000800228a        0x2 
 .text.canardHandleRxFrame
                0x000000000800228c      0x3b0 build/canard.o
                0x000000000800228c                canardHandleRxFrame
 .text.isFramePriorityHigher
                0x000000000800263c       0x54 build/canard_stm32.o
 .text.convertFrameIDCanardToRegister
                0x0000000008002690       0x1a build/canard_stm32.o
 .text.convertFrameIDRegisterToCanard
                0x00000000080026aa       0x1e build/canard_stm32.o
 .text.processErrorStatus
                0x00000000080026c8       0x48 build/canard_stm32.o
 .text.waitMSRINAKBitStateChange
                0x0000000008002710       0x2e build/canard_stm32.o
 *fill*         0x000000000800273e        0x2 
 .text.canardSTM32Init
                0x0000000008002740      0x1cc build/canard_stm32.o
                0x0000000008002740                canardSTM32Init
 .text.canardSTM32Transmit
                0x000000000800290c      0x114 build/canard_stm32.o
                0x000000000800290c                canardSTM32Transmit
 .text.canardSTM32Receive
                0x0000000008002a20       0x98 build/canard_stm32.o
                0x0000000008002a20                canardSTM32Receive
 .text.Reset_Handler
                0x0000000008002ab8       0x48 build/startup_stm32f103xb.o
                0x0000000008002ab8                Reset_Handler
 .text.Default_Handler
                0x0000000008002b00        0x2 build/startup_stm32f103xb.o
                0x0000000008002b00                RTC_Alarm_IRQHandler
                0x0000000008002b00                EXTI2_IRQHandler
                0x0000000008002b00                TIM1_CC_IRQHandler
                0x0000000008002b00                PVD_IRQHandler
                0x0000000008002b00                EXTI3_IRQHandler
                0x0000000008002b00                EXTI0_IRQHandler
                0x0000000008002b00                I2C2_EV_IRQHandler
                0x0000000008002b00                ADC1_2_IRQHandler
                0x0000000008002b00                SPI1_IRQHandler
                0x0000000008002b00                TAMPER_IRQHandler
                0x0000000008002b00                DMA1_Channel4_IRQHandler
                0x0000000008002b00                USART3_IRQHandler
                0x0000000008002b00                RTC_IRQHandler
                0x0000000008002b00                DMA1_Channel7_IRQHandler
                0x0000000008002b00                CAN1_RX1_IRQHandler
                0x0000000008002b00                TIM4_IRQHandler
                0x0000000008002b00                I2C1_EV_IRQHandler
                0x0000000008002b00                DMA1_Channel6_IRQHandler
                0x0000000008002b00                TIM3_IRQHandler
                0x0000000008002b00                RCC_IRQHandler
                0x0000000008002b00                TIM1_TRG_COM_IRQHandler
                0x0000000008002b00                DMA1_Channel1_IRQHandler
                0x0000000008002b00                Default_Handler
                0x0000000008002b00                EXTI15_10_IRQHandler
                0x0000000008002b00                EXTI9_5_IRQHandler
                0x0000000008002b00                SPI2_IRQHandler
                0x0000000008002b00                DMA1_Channel5_IRQHandler
                0x0000000008002b00                EXTI4_IRQHandler
                0x0000000008002b00                USB_LP_CAN1_RX0_IRQHandler
                0x0000000008002b00                USB_HP_CAN1_TX_IRQHandler
                0x0000000008002b00                DMA1_Channel3_IRQHandler
                0x0000000008002b00                TIM1_UP_IRQHandler
                0x0000000008002b00                WWDG_IRQHandler
                0x0000000008002b00                TIM2_IRQHandler
                0x0000000008002b00                TIM1_BRK_IRQHandler
                0x0000000008002b00                EXTI1_IRQHandler
                0x0000000008002b00                USART2_IRQHandler
                0x0000000008002b00                I2C2_ER_IRQHandler
                0x0000000008002b00                DMA1_Channel2_IRQHandler
                0x0000000008002b00                CAN1_SCE_IRQHandler
                0x0000000008002b00                FLASH_IRQHandler
                0x0000000008002b00                I2C1_ER_IRQHandler
                0x0000000008002b00                USBWakeUp_IRQHandler
 *fill*         0x0000000008002b02        0x2 
 .text.__assert_func
                0x0000000008002b04       0x3c /usr/bin/gcc-arm-none-eabi-6-2017-q2-update/bin/../lib/gcc/arm-none-eabi/6.3.1/../../../../arm-none-eabi/lib/thumb/v7-m/libc_nano.a(lib_a-assert.o)
                0x0000000008002b04                __assert_func
 .text.fprintf  0x0000000008002b40       0x24 /usr/bin/gcc-arm-none-eabi-6-2017-q2-update/bin/../lib/gcc/arm-none-eabi/6.3.1/../../../../arm-none-eabi/lib/thumb/v7-m/libc_nano.a(lib_a-fprintf.o)
                0x0000000008002b40                fprintf
                0x0000000008002b40                fiprintf
 .text.__libc_init_array
                0x0000000008002b64       0x48 /usr/bin/gcc-arm-none-eabi-6-2017-q2-update/bin/../lib/gcc/arm-none-eabi/6.3.1/../../../../arm-none-eabi/lib/thumb/v7-m/libc_nano.a(lib_a-init.o)
                0x0000000008002b64                __libc_init_array
 .text.memcpy   0x0000000008002bac       0x16 /usr/bin/gcc-arm-none-eabi-6-2017-q2-update/bin/../lib/gcc/arm-none-eabi/6.3.1/../../../../arm-none-eabi/lib/thumb/v7-m/libc_nano.a(lib_a-memcpy-stub.o)
                0x0000000008002bac                memcpy
 .text.memset   0x0000000008002bc2       0x10 /usr/bin/gcc-arm-none-eabi-6-2017-q2-update/bin/../lib/gcc/arm-none-eabi/6.3.1/../../../../arm-none-eabi/lib/thumb/v7-m/libc_nano.a(lib_a-memset.o)
                0x0000000008002bc2                memset
 .text.__sfputc_r
                0x0000000008002bd2       0x2c /usr/bin/gcc-arm-none-eabi-6-2017-q2-update/bin/../lib/gcc/arm-none-eabi/6.3.1/../../../../arm-none-eabi/lib/thumb/v7-m/libc_nano.a(lib_a-nano-vfprintf.o)
 .text.__sfputs_r
                0x0000000008002bfe       0x24 /usr/bin/gcc-arm-none-eabi-6-2017-q2-update/bin/../lib/gcc/arm-none-eabi/6.3.1/../../../../arm-none-eabi/lib/thumb/v7-m/libc_nano.a(lib_a-nano-vfprintf.o)
                0x0000000008002bfe                __sfputs_r
 *fill*         0x0000000008002c22        0x2 
 .text._vfprintf_r
                0x0000000008002c24      0x22c /usr/bin/gcc-arm-none-eabi-6-2017-q2-update/bin/../lib/gcc/arm-none-eabi/6.3.1/../../../../arm-none-eabi/lib/thumb/v7-m/libc_nano.a(lib_a-nano-vfprintf.o)
                0x0000000008002c24                _vfiprintf_r
                0x0000000008002c24                _vfprintf_r
 .text._printf_common
                0x0000000008002e50       0xee /usr/bin/gcc-arm-none-eabi-6-2017-q2-update/bin/../lib/gcc/arm-none-eabi/6.3.1/../../../../arm-none-eabi/lib/thumb/v7-m/libc_nano.a(lib_a-nano-vfprintf_i.o)
                0x0000000008002e50                _printf_common
 *fill*         0x0000000008002f3e        0x2 
 .text._printf_i
                0x0000000008002f40      0x240 /usr/bin/gcc-arm-none-eabi-6-2017-q2-update/bin/../lib/gcc/arm-none-eabi/6.3.1/../../../../arm-none-eabi/lib/thumb/v7-m/libc_nano.a(lib_a-nano-vfprintf_i.o)
                0x0000000008002f40                _printf_i
 .text.__swbuf_r
                0x0000000008003180       0xa4 /usr/bin/gcc-arm-none-eabi-6-2017-q2-update/bin/../lib/gcc/arm-none-eabi/6.3.1/../../../../arm-none-eabi/lib/thumb/v7-m/libc_nano.a(lib_a-wbuf.o)
                0x0000000008003180                __swbuf_r
 .text.__swsetup_r
                0x0000000008003224       0xdc /usr/bin/gcc-arm-none-eabi-6-2017-q2-update/bin/../lib/gcc/arm-none-eabi/6.3.1/../../../../arm-none-eabi/lib/thumb/v7-m/libc_nano.a(lib_a-wsetup.o)
                0x0000000008003224                __swsetup_r
 .text.abort    0x0000000008003300        0xe /usr/bin/gcc-arm-none-eabi-6-2017-q2-update/bin/../lib/gcc/arm-none-eabi/6.3.1/../../../../arm-none-eabi/lib/thumb/v7-m/libc_nano.a(lib_a-abort.o)
                0x0000000008003300                abort
 *fill*         0x000000000800330e        0x2 
 .text.__sflush_r
                0x0000000008003310      0x110 /usr/bin/gcc-arm-none-eabi-6-2017-q2-update/bin/../lib/gcc/arm-none-eabi/6.3.1/../../../../arm-none-eabi/lib/thumb/v7-m/libc_nano.a(lib_a-fflush.o)
                0x0000000008003310                __sflush_r
 .text._fflush_r
                0x0000000008003420       0x54 /usr/bin/gcc-arm-none-eabi-6-2017-q2-update/bin/../lib/gcc/arm-none-eabi/6.3.1/../../../../arm-none-eabi/lib/thumb/v7-m/libc_nano.a(lib_a-fflush.o)
                0x0000000008003420                _fflush_r
 .text._cleanup_r
                0x0000000008003474        0xc /usr/bin/gcc-arm-none-eabi-6-2017-q2-update/bin/../lib/gcc/arm-none-eabi/6.3.1/../../../../arm-none-eabi/lib/thumb/v7-m/libc_nano.a(lib_a-findfp.o)
                0x0000000008003474                _cleanup_r
 .text.std.isra.0
                0x0000000008003480       0x48 /usr/bin/gcc-arm-none-eabi-6-2017-q2-update/bin/../lib/gcc/arm-none-eabi/6.3.1/../../../../arm-none-eabi/lib/thumb/v7-m/libc_nano.a(lib_a-findfp.o)
 .text.__sfmoreglue
                0x00000000080034c8       0x2c /usr/bin/gcc-arm-none-eabi-6-2017-q2-update/bin/../lib/gcc/arm-none-eabi/6.3.1/../../../../arm-none-eabi/lib/thumb/v7-m/libc_nano.a(lib_a-findfp.o)
                0x00000000080034c8                __sfmoreglue
 .text.__sinit  0x00000000080034f4       0x60 /usr/bin/gcc-arm-none-eabi-6-2017-q2-update/bin/../lib/gcc/arm-none-eabi/6.3.1/../../../../arm-none-eabi/lib/thumb/v7-m/libc_nano.a(lib_a-findfp.o)
                0x00000000080034f4                __sinit
 .text.__sfp    0x0000000008003554       0x78 /usr/bin/gcc-arm-none-eabi-6-2017-q2-update/bin/../lib/gcc/arm-none-eabi/6.3.1/../../../../arm-none-eabi/lib/thumb/v7-m/libc_nano.a(lib_a-findfp.o)
                0x0000000008003554                __sfp
 .text._fwalk_reent
                0x00000000080035cc       0x3c /usr/bin/gcc-arm-none-eabi-6-2017-q2-update/bin/../lib/gcc/arm-none-eabi/6.3.1/../../../../arm-none-eabi/lib/thumb/v7-m/libc_nano.a(lib_a-fwalk.o)
                0x00000000080035cc                _fwalk_reent
 .text.__swhatbuf_r
                0x0000000008003608       0x48 /usr/bin/gcc-arm-none-eabi-6-2017-q2-update/bin/../lib/gcc/arm-none-eabi/6.3.1/../../../../arm-none-eabi/lib/thumb/v7-m/libc_nano.a(lib_a-makebuf.o)
                0x0000000008003608                __swhatbuf_r
 .text.__smakebuf_r
                0x0000000008003650       0x80 /usr/bin/gcc-arm-none-eabi-6-2017-q2-update/bin/../lib/gcc/arm-none-eabi/6.3.1/../../../../arm-none-eabi/lib/thumb/v7-m/libc_nano.a(lib_a-makebuf.o)
                0x0000000008003650                __smakebuf_r
 .text.memchr   0x00000000080036d0       0x1c /usr/bin/gcc-arm-none-eabi-6-2017-q2-update/bin/../lib/gcc/arm-none-eabi/6.3.1/../../../../arm-none-eabi/lib/thumb/v7-m/libc_nano.a(lib_a-memchr-stub.o)
                0x00000000080036d0                memchr
 .text._free_r  0x00000000080036ec       0x98 /usr/bin/gcc-arm-none-eabi-6-2017-q2-update/bin/../lib/gcc/arm-none-eabi/6.3.1/../../../../arm-none-eabi/lib/thumb/v7-m/libc_nano.a(lib_a-nano-freer.o)
                0x00000000080036ec                _free_r
 .text._malloc_r
                0x0000000008003784       0xbc /usr/bin/gcc-arm-none-eabi-6-2017-q2-update/bin/../lib/gcc/arm-none-eabi/6.3.1/../../../../arm-none-eabi/lib/thumb/v7-m/libc_nano.a(lib_a-nano-mallocr.o)
                0x0000000008003784                _malloc_r
 .text._sbrk_r  0x0000000008003840       0x20 /usr/bin/gcc-arm-none-eabi-6-2017-q2-update/bin/../lib/gcc/arm-none-eabi/6.3.1/../../../../arm-none-eabi/lib/thumb/v7-m/libc_nano.a(lib_a-sbrkr.o)
                0x0000000008003840                _sbrk_r
 .text._raise_r
                0x0000000008003860       0x50 /usr/bin/gcc-arm-none-eabi-6-2017-q2-update/bin/../lib/gcc/arm-none-eabi/6.3.1/../../../../arm-none-eabi/lib/thumb/v7-m/libc_nano.a(lib_a-signal.o)
                0x0000000008003860                _raise_r
 .text.raise    0x00000000080038b0       0x10 /usr/bin/gcc-arm-none-eabi-6-2017-q2-update/bin/../lib/gcc/arm-none-eabi/6.3.1/../../../../arm-none-eabi/lib/thumb/v7-m/libc_nano.a(lib_a-signal.o)
                0x00000000080038b0                raise
 .text._kill_r  0x00000000080038c0       0x24 /usr/bin/gcc-arm-none-eabi-6-2017-q2-update/bin/../lib/gcc/arm-none-eabi/6.3.1/../../../../arm-none-eabi/lib/thumb/v7-m/libc_nano.a(lib_a-signalr.o)
                0x00000000080038c0                _kill_r
 .text._getpid_r
                0x00000000080038e4        0x4 /usr/bin/gcc-arm-none-eabi-6-2017-q2-update/bin/../lib/gcc/arm-none-eabi/6.3.1/../../../../arm-none-eabi/lib/thumb/v7-m/libc_nano.a(lib_a-signalr.o)
                0x00000000080038e4                _getpid_r
 .text.__sread  0x00000000080038e8       0x22 /usr/bin/gcc-arm-none-eabi-6-2017-q2-update/bin/../lib/gcc/arm-none-eabi/6.3.1/../../../../arm-none-eabi/lib/thumb/v7-m/libc_nano.a(lib_a-stdio.o)
                0x00000000080038e8                __sread
 .text.__swrite
                0x000000000800390a       0x38 /usr/bin/gcc-arm-none-eabi-6-2017-q2-update/bin/../lib/gcc/arm-none-eabi/6.3.1/../../../../arm-none-eabi/lib/thumb/v7-m/libc_nano.a(lib_a-stdio.o)
                0x000000000800390a                __swrite
 .text.__sseek  0x0000000008003942       0x24 /usr/bin/gcc-arm-none-eabi-6-2017-q2-update/bin/../lib/gcc/arm-none-eabi/6.3.1/../../../../arm-none-eabi/lib/thumb/v7-m/libc_nano.a(lib_a-stdio.o)
                0x0000000008003942                __sseek
 .text.__sclose
                0x0000000008003966        0x8 /usr/bin/gcc-arm-none-eabi-6-2017-q2-update/bin/../lib/gcc/arm-none-eabi/6.3.1/../../../../arm-none-eabi/lib/thumb/v7-m/libc_nano.a(lib_a-stdio.o)
                0x0000000008003966                __sclose
 *fill*         0x000000000800396e        0x2 
 .text._write_r
                0x0000000008003970       0x24 /usr/bin/gcc-arm-none-eabi-6-2017-q2-update/bin/../lib/gcc/arm-none-eabi/6.3.1/../../../../arm-none-eabi/lib/thumb/v7-m/libc_nano.a(lib_a-writer.o)
                0x0000000008003970                _write_r
 .text._close_r
                0x0000000008003994       0x20 /usr/bin/gcc-arm-none-eabi-6-2017-q2-update/bin/../lib/gcc/arm-none-eabi/6.3.1/../../../../arm-none-eabi/lib/thumb/v7-m/libc_nano.a(lib_a-closer.o)
                0x0000000008003994                _close_r
 .text._fstat_r
                0x00000000080039b4       0x24 /usr/bin/gcc-arm-none-eabi-6-2017-q2-update/bin/../lib/gcc/arm-none-eabi/6.3.1/../../../../arm-none-eabi/lib/thumb/v7-m/libc_nano.a(lib_a-fstatr.o)
                0x00000000080039b4                _fstat_r
 .text._isatty_r
                0x00000000080039d8       0x20 /usr/bin/gcc-arm-none-eabi-6-2017-q2-update/bin/../lib/gcc/arm-none-eabi/6.3.1/../../../../arm-none-eabi/lib/thumb/v7-m/libc_nano.a(lib_a-isattyr.o)
                0x00000000080039d8                _isatty_r
 .text._lseek_r
                0x00000000080039f8       0x24 /usr/bin/gcc-arm-none-eabi-6-2017-q2-update/bin/../lib/gcc/arm-none-eabi/6.3.1/../../../../arm-none-eabi/lib/thumb/v7-m/libc_nano.a(lib_a-lseekr.o)
                0x00000000080039f8                _lseek_r
 .text.__malloc_lock
                0x0000000008003a1c        0x2 /usr/bin/gcc-arm-none-eabi-6-2017-q2-update/bin/../lib/gcc/arm-none-eabi/6.3.1/../../../../arm-none-eabi/lib/thumb/v7-m/libc_nano.a(lib_a-mlock.o)
                0x0000000008003a1c                __malloc_lock
 .text.__malloc_unlock
                0x0000000008003a1e        0x2 /usr/bin/gcc-arm-none-eabi-6-2017-q2-update/bin/../lib/gcc/arm-none-eabi/6.3.1/../../../../arm-none-eabi/lib/thumb/v7-m/libc_nano.a(lib_a-mlock.o)
                0x0000000008003a1e                __malloc_unlock
 .text._read_r  0x0000000008003a20       0x24 /usr/bin/gcc-arm-none-eabi-6-2017-q2-update/bin/../lib/gcc/arm-none-eabi/6.3.1/../../../../arm-none-eabi/lib/thumb/v7-m/libc_nano.a(lib_a-readr.o)
                0x0000000008003a20                _read_r
 .text._close   0x0000000008003a44       0x10 /usr/bin/gcc-arm-none-eabi-6-2017-q2-update/bin/../lib/gcc/arm-none-eabi/6.3.1/../../../../arm-none-eabi/lib/thumb/v7-m/libnosys.a(close.o)
                0x0000000008003a44                _close
 .text._fstat   0x0000000008003a54       0x10 /usr/bin/gcc-arm-none-eabi-6-2017-q2-update/bin/../lib/gcc/arm-none-eabi/6.3.1/../../../../arm-none-eabi/lib/thumb/v7-m/libnosys.a(fstat.o)
                0x0000000008003a54                _fstat
 .text._getpid  0x0000000008003a64       0x10 /usr/bin/gcc-arm-none-eabi-6-2017-q2-update/bin/../lib/gcc/arm-none-eabi/6.3.1/../../../../arm-none-eabi/lib/thumb/v7-m/libnosys.a(getpid.o)
                0x0000000008003a64                _getpid
 .text._isatty  0x0000000008003a74       0x10 /usr/bin/gcc-arm-none-eabi-6-2017-q2-update/bin/../lib/gcc/arm-none-eabi/6.3.1/../../../../arm-none-eabi/lib/thumb/v7-m/libnosys.a(isatty.o)
                0x0000000008003a74                _isatty
 .text._kill    0x0000000008003a84       0x10 /usr/bin/gcc-arm-none-eabi-6-2017-q2-update/bin/../lib/gcc/arm-none-eabi/6.3.1/../../../../arm-none-eabi/lib/thumb/v7-m/libnosys.a(kill.o)
                0x0000000008003a84                _kill
 .text._lseek   0x0000000008003a94       0x10 /usr/bin/gcc-arm-none-eabi-6-2017-q2-update/bin/../lib/gcc/arm-none-eabi/6.3.1/../../../../arm-none-eabi/lib/thumb/v7-m/libnosys.a(lseek.o)
                0x0000000008003a94                _lseek
 .text._read    0x0000000008003aa4       0x10 /usr/bin/gcc-arm-none-eabi-6-2017-q2-update/bin/../lib/gcc/arm-none-eabi/6.3.1/../../../../arm-none-eabi/lib/thumb/v7-m/libnosys.a(read.o)
                0x0000000008003aa4                _read
 .text._sbrk    0x0000000008003ab4       0x1c /usr/bin/gcc-arm-none-eabi-6-2017-q2-update/bin/../lib/gcc/arm-none-eabi/6.3.1/../../../../arm-none-eabi/lib/thumb/v7-m/libnosys.a(sbrk.o)
                0x0000000008003ab4                _sbrk
 .text._write   0x0000000008003ad0       0x10 /usr/bin/gcc-arm-none-eabi-6-2017-q2-update/bin/../lib/gcc/arm-none-eabi/6.3.1/../../../../arm-none-eabi/lib/thumb/v7-m/libnosys.a(write.o)
                0x0000000008003ad0                _write
 .text._exit    0x0000000008003ae0        0x4 /usr/bin/gcc-arm-none-eabi-6-2017-q2-update/bin/../lib/gcc/arm-none-eabi/6.3.1/../../../../arm-none-eabi/lib/thumb/v7-m/libnosys.a(_exit.o)
                0x0000000008003ae0                _exit
 *(.glue_7)
 .glue_7        0x0000000008003ae4        0x0 linker stubs
 *(.glue_7t)
 .glue_7t       0x0000000008003ae4        0x0 linker stubs
 *(.eh_frame)
 .eh_frame      0x0000000008003ae4        0x0 /usr/bin/gcc-arm-none-eabi-6-2017-q2-update/bin/../lib/gcc/arm-none-eabi/6.3.1/thumb/v7-m/crtbegin.o
 *(.init)
 .init          0x0000000008003ae4        0x4 /usr/bin/gcc-arm-none-eabi-6-2017-q2-update/bin/../lib/gcc/arm-none-eabi/6.3.1/thumb/v7-m/crti.o
                0x0000000008003ae4                _init
 .init          0x0000000008003ae8        0x8 /usr/bin/gcc-arm-none-eabi-6-2017-q2-update/bin/../lib/gcc/arm-none-eabi/6.3.1/thumb/v7-m/crtn.o
 *(.fini)
 .fini          0x0000000008003af0        0x4 /usr/bin/gcc-arm-none-eabi-6-2017-q2-update/bin/../lib/gcc/arm-none-eabi/6.3.1/thumb/v7-m/crti.o
                0x0000000008003af0                _fini
 .fini          0x0000000008003af4        0x8 /usr/bin/gcc-arm-none-eabi-6-2017-q2-update/bin/../lib/gcc/arm-none-eabi/6.3.1/thumb/v7-m/crtn.o
                0x0000000008003afc                . = ALIGN (0x4)
                0x0000000008003afc                _etext = .

.vfp11_veneer   0x0000000008003afc        0x0
 .vfp11_veneer  0x0000000008003afc        0x0 linker stubs

.v4_bx          0x0000000008003afc        0x0
 .v4_bx         0x0000000008003afc        0x0 linker stubs

.iplt           0x0000000008003afc        0x0
 .iplt          0x0000000008003afc        0x0 /usr/bin/gcc-arm-none-eabi-6-2017-q2-update/bin/../lib/gcc/arm-none-eabi/6.3.1/thumb/v7-m/crtbegin.o

.rodata         0x0000000008003afc      0x4f8
                0x0000000008003afc                . = ALIGN (0x4)
 *(.rodata)
 .rodata        0x0000000008003afc       0x12 build/stm32f1xx_hal_rcc.o
 *(.rodata*)
 *fill*         0x0000000008003b0e        0x2 
 .rodata.MX_USART1_UART_Init.str1.4
                0x0000000008003b10        0xb build/main.o
 *fill*         0x0000000008003b1b        0x1 
 .rodata.__func__.4729
                0x0000000008003b1c       0x1d build/uavcan.o
 *fill*         0x0000000008003b39        0x3 
 .rodata.makeNodeInfoMessage.str1.4
                0x0000000008003b3c       0x10 build/uavcan.o
 .rodata.uavcanInit.str1.4
                0x0000000008003b4c       0x3e build/uavcan.o
 *fill*         0x0000000008003b8a        0x2 
 .rodata.AHBPrescTable
                0x0000000008003b8c       0x10 build/system_stm32f1xx.o
                0x0000000008003b8c                AHBPrescTable
 .rodata.APBPrescTable
                0x0000000008003b9c        0x8 build/system_stm32f1xx.o
                0x0000000008003b9c                APBPrescTable
 .rodata.__func__.4786
                0x0000000008003ba4        0xb build/canard.o
 *fill*         0x0000000008003baf        0x1 
 .rodata.__func__.4796
                0x0000000008003bb0       0x15 build/canard.o
 *fill*         0x0000000008003bc5        0x3 
 .rodata.__func__.4849
                0x0000000008003bc8       0x14 build/canard.o
 .rodata.__func__.4912
                0x0000000008003bdc       0x13 build/canard.o
 *fill*         0x0000000008003bef        0x1 
 .rodata.__func__.4966
                0x0000000008003bf0       0x14 build/canard.o
 .rodata.__func__.4975
                0x0000000008003c04       0x10 build/canard.o
 .rodata.__func__.4993
                0x0000000008003c14        0xc build/canard.o
 .rodata.__func__.5018
                0x0000000008003c20       0x17 build/canard.o
 *fill*         0x0000000008003c37        0x1 
 .rodata.__func__.5094
                0x0000000008003c38        0xd build/canard.o
 *fill*         0x0000000008003c45        0x3 
 .rodata.__func__.5137
                0x0000000008003c48        0xe build/canard.o
 *fill*         0x0000000008003c56        0x2 
 .rodata.__func__.5188
                0x0000000008003c58        0xa build/canard.o
 *fill*         0x0000000008003c62        0x2 
 .rodata.canardEncodeScalar.str1.4
                0x0000000008003c64       0x48 build/canard.o
 .rodata.canardHandleRxFrame.str1.4
                0x0000000008003cac       0x7b build/canard.o
 *fill*         0x0000000008003d27        0x1 
 .rodata.canardInit.str1.4
                0x0000000008003d28       0x17 build/canard.o
 .rodata.canardSetLocalNodeID.str1.4
                0x0000000008003d3f        0x2 build/canard.o
 *fill*         0x0000000008003d3f        0x1 
 .rodata.copyBitArray.str1.4
                0x0000000008003d40        0xd build/canard.o
 *fill*         0x0000000008003d4d        0x3 
 .rodata.enqueueTxFrames.str1.4
                0x0000000008003d50       0x21 build/canard.o
 *fill*         0x0000000008003d71        0x3 
 .rodata.freeBlock.str1.4
                0x0000000008003d74       0x2f build/canard.o
 *fill*         0x0000000008003da3        0x1 
 .rodata.incrementTransferID.str1.4
                0x0000000008003da4       0x1b build/canard.o
 *fill*         0x0000000008003dbf        0x1 
 .rodata.prepareForNextTransfer.str1.4
                0x0000000008003dc0       0x24 build/canard.o
 .rodata.pushTxQueue.str1.4
                0x0000000008003de4       0x2d build/canard.o
                                         0x41 (size before relaxing)
 *fill*         0x0000000008003e11        0x3 
 .rodata.swapByteOrder.str1.4
                0x0000000008003e14       0x14 build/canard.o
 .rodata.RFxR.7345
                0x0000000008003e28        0x8 build/canard_stm32.o
 .rodata.__func__.7328
                0x0000000008003e30       0x10 build/canard_stm32.o
 .rodata.__func__.7340
                0x0000000008003e40       0x14 build/canard_stm32.o
 .rodata.canardSTM32Init.str1.4
                0x0000000008003e54       0xaa build/canard_stm32.o
 *fill*         0x0000000008003efe        0x2 
 .rodata.canardSTM32Transmit.str1.4
                0x0000000008003f00       0x20 build/canard_stm32.o
                                         0x1f (size before relaxing)
 .rodata.__assert_func.str1.1
                0x0000000008003f20       0x3c /usr/bin/gcc-arm-none-eabi-6-2017-q2-update/bin/../lib/gcc/arm-none-eabi/6.3.1/../../../../arm-none-eabi/lib/thumb/v7-m/libc_nano.a(lib_a-assert.o)
                                         0x3d (size before relaxing)
 .rodata._global_impure_ptr
                0x0000000008003f5c        0x4 /usr/bin/gcc-arm-none-eabi-6-2017-q2-update/bin/../lib/gcc/arm-none-eabi/6.3.1/../../../../arm-none-eabi/lib/thumb/v7-m/libc_nano.a(lib_a-impure.o)
                0x0000000008003f5c                _global_impure_ptr
 .rodata._vfprintf_r.str1.1
                0x0000000008003f60       0x11 /usr/bin/gcc-arm-none-eabi-6-2017-q2-update/bin/../lib/gcc/arm-none-eabi/6.3.1/../../../../arm-none-eabi/lib/thumb/v7-m/libc_nano.a(lib_a-nano-vfprintf.o)
 .rodata._printf_i.str1.1
                0x0000000008003f71       0x22 /usr/bin/gcc-arm-none-eabi-6-2017-q2-update/bin/../lib/gcc/arm-none-eabi/6.3.1/../../../../arm-none-eabi/lib/thumb/v7-m/libc_nano.a(lib_a-nano-vfprintf_i.o)
 *fill*         0x0000000008003f93        0x1 
 .rodata.__sf_fake_stderr
                0x0000000008003f94       0x20 /usr/bin/gcc-arm-none-eabi-6-2017-q2-update/bin/../lib/gcc/arm-none-eabi/6.3.1/../../../../arm-none-eabi/lib/thumb/v7-m/libc_nano.a(lib_a-findfp.o)
                0x0000000008003f94                __sf_fake_stderr
 .rodata.__sf_fake_stdin
                0x0000000008003fb4       0x20 /usr/bin/gcc-arm-none-eabi-6-2017-q2-update/bin/../lib/gcc/arm-none-eabi/6.3.1/../../../../arm-none-eabi/lib/thumb/v7-m/libc_nano.a(lib_a-findfp.o)
                0x0000000008003fb4                __sf_fake_stdin
 .rodata.__sf_fake_stdout
                0x0000000008003fd4       0x20 /usr/bin/gcc-arm-none-eabi-6-2017-q2-update/bin/../lib/gcc/arm-none-eabi/6.3.1/../../../../arm-none-eabi/lib/thumb/v7-m/libc_nano.a(lib_a-findfp.o)
                0x0000000008003fd4                __sf_fake_stdout
                0x0000000008003ff4                . = ALIGN (0x4)

.rel.dyn        0x0000000008003ff4        0x0
 .rel.iplt      0x0000000008003ff4        0x0 /usr/bin/gcc-arm-none-eabi-6-2017-q2-update/bin/../lib/gcc/arm-none-eabi/6.3.1/thumb/v7-m/crtbegin.o

.ARM.extab
 *(.ARM.extab* .gnu.linkonce.armextab.*)

.ARM            0x0000000008003ff4        0x0
                0x0000000008003ff4                __exidx_start = .
 *(.ARM.exidx*)
                0x0000000008003ff4                __exidx_end = .

.preinit_array  0x0000000008003ff4        0x0
                0x0000000008003ff4                PROVIDE (__preinit_array_start, .)
 *(.preinit_array*)
                0x0000000008003ff4                PROVIDE (__preinit_array_end, .)

.init_array     0x0000000008003ff4        0x4
                0x0000000008003ff4                PROVIDE (__init_array_start, .)
 *(SORT(.init_array.*))
 *(.init_array*)
 .init_array    0x0000000008003ff4        0x4 /usr/bin/gcc-arm-none-eabi-6-2017-q2-update/bin/../lib/gcc/arm-none-eabi/6.3.1/thumb/v7-m/crtbegin.o
                0x0000000008003ff8                PROVIDE (__init_array_end, .)

.fini_array     0x0000000008003ff8        0x4
                [!provide]                        PROVIDE (__fini_array_start, .)
 *(SORT(.fini_array.*))
 *(.fini_array*)
 .fini_array    0x0000000008003ff8        0x4 /usr/bin/gcc-arm-none-eabi-6-2017-q2-update/bin/../lib/gcc/arm-none-eabi/6.3.1/thumb/v7-m/crtbegin.o
                [!provide]                        PROVIDE (__fini_array_end, .)
                0x0000000008003ffc                _sidata = LOADADDR (.data)

.data           0x0000000020000000       0x70 load address 0x0000000008003ffc
                0x0000000020000000                . = ALIGN (0x4)
                0x0000000020000000                _sdata = .
 *(.data)
 *(.data*)
 .data.uwTickFreq
                0x0000000020000000        0x1 build/stm32f1xx_hal.o
                0x0000000020000000                uwTickFreq
 *fill*         0x0000000020000001        0x3 
 .data.uwTickPrio
                0x0000000020000004        0x4 build/stm32f1xx_hal.o
                0x0000000020000004                uwTickPrio
 .data.SystemCoreClock
                0x0000000020000008        0x4 build/system_stm32f1xx.o
                0x0000000020000008                SystemCoreClock
 .data._impure_ptr
                0x000000002000000c        0x4 /usr/bin/gcc-arm-none-eabi-6-2017-q2-update/bin/../lib/gcc/arm-none-eabi/6.3.1/../../../../arm-none-eabi/lib/thumb/v7-m/libc_nano.a(lib_a-impure.o)
                0x000000002000000c                _impure_ptr
 .data.impure_data
                0x0000000020000010       0x60 /usr/bin/gcc-arm-none-eabi-6-2017-q2-update/bin/../lib/gcc/arm-none-eabi/6.3.1/../../../../arm-none-eabi/lib/thumb/v7-m/libc_nano.a(lib_a-impure.o)
                0x0000000020000070                . = ALIGN (0x4)
                0x0000000020000070                _edata = .

.jcr            0x0000000020000070        0x0 load address 0x000000000800406c
 .jcr           0x0000000020000070        0x0 /usr/bin/gcc-arm-none-eabi-6-2017-q2-update/bin/../lib/gcc/arm-none-eabi/6.3.1/thumb/v7-m/crtbegin.o

.igot.plt       0x0000000020000070        0x0 load address 0x000000000800406c
 .igot.plt      0x0000000020000070        0x0 /usr/bin/gcc-arm-none-eabi-6-2017-q2-update/bin/../lib/gcc/arm-none-eabi/6.3.1/thumb/v7-m/crtbegin.o
                0x0000000020000070                . = ALIGN (0x4)

.bss            0x0000000020000070      0x50c load address 0x000000000800406c
                0x0000000020000070                _sbss = .
                0x0000000020000070                __bss_start__ = _sbss
 *(.bss)
 .bss           0x0000000020000070       0x1c /usr/bin/gcc-arm-none-eabi-6-2017-q2-update/bin/../lib/gcc/arm-none-eabi/6.3.1/thumb/v7-m/crtbegin.o
 *(.bss*)
 .bss.g_canard  0x000000002000008c       0x24 build/uavcan.o
 .bss.g_canard_memory_pool
                0x00000000200000b0      0x400 build/uavcan.o
 .bss.spin_time.7001
                0x00000000200004b0        0x4 build/uavcan.o
 .bss.transfer_id.7003
                0x00000000200004b4        0x1 build/uavcan.o
 .bss.g_abort_tx_on_error
                0x00000000200004b5        0x1 build/canard_stm32.o
 *fill*         0x00000000200004b6        0x2 
 .bss.g_stats   0x00000000200004b8       0x10 build/canard_stm32.o
 .bss.__malloc_free_list
                0x00000000200004c8        0x4 /usr/bin/gcc-arm-none-eabi-6-2017-q2-update/bin/../lib/gcc/arm-none-eabi/6.3.1/../../../../arm-none-eabi/lib/thumb/v7-m/libc_nano.a(lib_a-nano-mallocr.o)
                0x00000000200004c8                __malloc_free_list
 .bss.__malloc_sbrk_start
                0x00000000200004cc        0x4 /usr/bin/gcc-arm-none-eabi-6-2017-q2-update/bin/../lib/gcc/arm-none-eabi/6.3.1/../../../../arm-none-eabi/lib/thumb/v7-m/libc_nano.a(lib_a-nano-mallocr.o)
                0x00000000200004cc                __malloc_sbrk_start
 .bss.heap_end.4116
                0x00000000200004d0        0x4 /usr/bin/gcc-arm-none-eabi-6-2017-q2-update/bin/../lib/gcc/arm-none-eabi/6.3.1/../../../../arm-none-eabi/lib/thumb/v7-m/libnosys.a(sbrk.o)
 *(COMMON)
 COMMON         0x00000000200004d4       0x9d build/main.o
                0x00000000200004d4                hcan
                0x0000000020000518                huart1
                0x0000000020000558                str
 *fill*         0x0000000020000571        0x3 
 COMMON         0x0000000020000574        0x4 build/stm32f1xx_hal.o
                0x0000000020000574                uwTick
 COMMON         0x0000000020000578        0x4 /usr/bin/gcc-arm-none-eabi-6-2017-q2-update/bin/../lib/gcc/arm-none-eabi/6.3.1/../../../../arm-none-eabi/lib/thumb/v7-m/libc_nano.a(lib_a-reent.o)
                0x0000000020000578                errno
                0x000000002000057c                . = ALIGN (0x4)
                0x000000002000057c                _ebss = .
                0x000000002000057c                __bss_end__ = _ebss

._user_heap_stack
                0x000000002000057c      0x604 load address 0x000000000800406c
                0x0000000020000580                . = ALIGN (0x8)
 *fill*         0x000000002000057c        0x4 
                0x0000000020000580                PROVIDE (end, .)
                [!provide]                        PROVIDE (_end, .)
                0x0000000020000780                . = (. + _Min_Heap_Size)
 *fill*         0x0000000020000580      0x200 
                0x0000000020000b80                . = (. + _Min_Stack_Size)
 *fill*         0x0000000020000780      0x400 
                0x0000000020000b80                . = ALIGN (0x8)

/DISCARD/
 libc.a(*)
 libm.a(*)
 libgcc.a(*)

.ARM.attributes
                0x0000000000000000       0x29
 *(.ARM.attributes)
 .ARM.attributes
                0x0000000000000000       0x1d /usr/bin/gcc-arm-none-eabi-6-2017-q2-update/bin/../lib/gcc/arm-none-eabi/6.3.1/thumb/v7-m/crti.o
 .ARM.attributes
                0x000000000000001d       0x2d /usr/bin/gcc-arm-none-eabi-6-2017-q2-update/bin/../lib/gcc/arm-none-eabi/6.3.1/thumb/v7-m/crtbegin.o
 .ARM.attributes
                0x000000000000004a       0x33 build/main.o
 .ARM.attributes
                0x000000000000007d       0x33 build/stm32f1xx_it.o
 .ARM.attributes
                0x00000000000000b0       0x33 build/stm32f1xx_hal_msp.o
 .ARM.attributes
                0x00000000000000e3       0x33 build/stm32f1xx_hal_can.o
 .ARM.attributes
                0x0000000000000116       0x33 build/stm32f1xx_hal_uart.o
 .ARM.attributes
                0x0000000000000149       0x33 build/stm32f1xx_hal.o
 .ARM.attributes
                0x000000000000017c       0x33 build/stm32f1xx_hal_rcc.o
 .ARM.attributes
                0x00000000000001af       0x33 build/stm32f1xx_hal_gpio.o
 .ARM.attributes
                0x00000000000001e2       0x33 build/stm32f1xx_hal_dma.o
 .ARM.attributes
                0x0000000000000215       0x33 build/stm32f1xx_hal_cortex.o
 .ARM.attributes
                0x0000000000000248       0x33 build/uavcan.o
 .ARM.attributes
                0x000000000000027b       0x33 build/system_stm32f1xx.o
 .ARM.attributes
                0x00000000000002ae       0x33 build/canard.o
 .ARM.attributes
                0x00000000000002e1       0x33 build/canard_stm32.o
 .ARM.attributes
                0x0000000000000314       0x21 build/startup_stm32f103xb.o
 .ARM.attributes
                0x0000000000000335       0x2d /usr/bin/gcc-arm-none-eabi-6-2017-q2-update/bin/../lib/gcc/arm-none-eabi/6.3.1/../../../../arm-none-eabi/lib/thumb/v7-m/libc_nano.a(lib_a-assert.o)
 .ARM.attributes
                0x0000000000000362       0x2d /usr/bin/gcc-arm-none-eabi-6-2017-q2-update/bin/../lib/gcc/arm-none-eabi/6.3.1/../../../../arm-none-eabi/lib/thumb/v7-m/libc_nano.a(lib_a-fprintf.o)
 .ARM.attributes
                0x000000000000038f       0x2d /usr/bin/gcc-arm-none-eabi-6-2017-q2-update/bin/../lib/gcc/arm-none-eabi/6.3.1/../../../../arm-none-eabi/lib/thumb/v7-m/libc_nano.a(lib_a-impure.o)
 .ARM.attributes
                0x00000000000003bc       0x2d /usr/bin/gcc-arm-none-eabi-6-2017-q2-update/bin/../lib/gcc/arm-none-eabi/6.3.1/../../../../arm-none-eabi/lib/thumb/v7-m/libc_nano.a(lib_a-init.o)
 .ARM.attributes
                0x00000000000003e9       0x2d /usr/bin/gcc-arm-none-eabi-6-2017-q2-update/bin/../lib/gcc/arm-none-eabi/6.3.1/../../../../arm-none-eabi/lib/thumb/v7-m/libc_nano.a(lib_a-memcpy-stub.o)
 .ARM.attributes
                0x0000000000000416       0x2d /usr/bin/gcc-arm-none-eabi-6-2017-q2-update/bin/../lib/gcc/arm-none-eabi/6.3.1/../../../../arm-none-eabi/lib/thumb/v7-m/libc_nano.a(lib_a-memset.o)
 .ARM.attributes
                0x0000000000000443       0x2d /usr/bin/gcc-arm-none-eabi-6-2017-q2-update/bin/../lib/gcc/arm-none-eabi/6.3.1/../../../../arm-none-eabi/lib/thumb/v7-m/libc_nano.a(lib_a-nano-vfprintf.o)
 .ARM.attributes
                0x0000000000000470       0x2d /usr/bin/gcc-arm-none-eabi-6-2017-q2-update/bin/../lib/gcc/arm-none-eabi/6.3.1/../../../../arm-none-eabi/lib/thumb/v7-m/libc_nano.a(lib_a-nano-vfprintf_i.o)
 .ARM.attributes
                0x000000000000049d       0x2d /usr/bin/gcc-arm-none-eabi-6-2017-q2-update/bin/../lib/gcc/arm-none-eabi/6.3.1/../../../../arm-none-eabi/lib/thumb/v7-m/libc_nano.a(lib_a-wbuf.o)
 .ARM.attributes
                0x00000000000004ca       0x2d /usr/bin/gcc-arm-none-eabi-6-2017-q2-update/bin/../lib/gcc/arm-none-eabi/6.3.1/../../../../arm-none-eabi/lib/thumb/v7-m/libc_nano.a(lib_a-wsetup.o)
 .ARM.attributes
                0x00000000000004f7       0x2d /usr/bin/gcc-arm-none-eabi-6-2017-q2-update/bin/../lib/gcc/arm-none-eabi/6.3.1/../../../../arm-none-eabi/lib/thumb/v7-m/libc_nano.a(lib_a-abort.o)
 .ARM.attributes
                0x0000000000000524       0x2d /usr/bin/gcc-arm-none-eabi-6-2017-q2-update/bin/../lib/gcc/arm-none-eabi/6.3.1/../../../../arm-none-eabi/lib/thumb/v7-m/libc_nano.a(lib_a-fflush.o)
 .ARM.attributes
                0x0000000000000551       0x2d /usr/bin/gcc-arm-none-eabi-6-2017-q2-update/bin/../lib/gcc/arm-none-eabi/6.3.1/../../../../arm-none-eabi/lib/thumb/v7-m/libc_nano.a(lib_a-findfp.o)
 .ARM.attributes
                0x000000000000057e       0x2d /usr/bin/gcc-arm-none-eabi-6-2017-q2-update/bin/../lib/gcc/arm-none-eabi/6.3.1/../../../../arm-none-eabi/lib/thumb/v7-m/libc_nano.a(lib_a-fwalk.o)
 .ARM.attributes
                0x00000000000005ab       0x2d /usr/bin/gcc-arm-none-eabi-6-2017-q2-update/bin/../lib/gcc/arm-none-eabi/6.3.1/../../../../arm-none-eabi/lib/thumb/v7-m/libc_nano.a(lib_a-makebuf.o)
 .ARM.attributes
                0x00000000000005d8       0x2d /usr/bin/gcc-arm-none-eabi-6-2017-q2-update/bin/../lib/gcc/arm-none-eabi/6.3.1/../../../../arm-none-eabi/lib/thumb/v7-m/libc_nano.a(lib_a-memchr-stub.o)
 .ARM.attributes
                0x0000000000000605       0x2d /usr/bin/gcc-arm-none-eabi-6-2017-q2-update/bin/../lib/gcc/arm-none-eabi/6.3.1/../../../../arm-none-eabi/lib/thumb/v7-m/libc_nano.a(lib_a-nano-freer.o)
 .ARM.attributes
                0x0000000000000632       0x2d /usr/bin/gcc-arm-none-eabi-6-2017-q2-update/bin/../lib/gcc/arm-none-eabi/6.3.1/../../../../arm-none-eabi/lib/thumb/v7-m/libc_nano.a(lib_a-nano-mallocr.o)
 .ARM.attributes
                0x000000000000065f       0x2d /usr/bin/gcc-arm-none-eabi-6-2017-q2-update/bin/../lib/gcc/arm-none-eabi/6.3.1/../../../../arm-none-eabi/lib/thumb/v7-m/libc_nano.a(lib_a-sbrkr.o)
 .ARM.attributes
                0x000000000000068c       0x2d /usr/bin/gcc-arm-none-eabi-6-2017-q2-update/bin/../lib/gcc/arm-none-eabi/6.3.1/../../../../arm-none-eabi/lib/thumb/v7-m/libc_nano.a(lib_a-signal.o)
 .ARM.attributes
                0x00000000000006b9       0x2d /usr/bin/gcc-arm-none-eabi-6-2017-q2-update/bin/../lib/gcc/arm-none-eabi/6.3.1/../../../../arm-none-eabi/lib/thumb/v7-m/libc_nano.a(lib_a-signalr.o)
 .ARM.attributes
                0x00000000000006e6       0x2d /usr/bin/gcc-arm-none-eabi-6-2017-q2-update/bin/../lib/gcc/arm-none-eabi/6.3.1/../../../../arm-none-eabi/lib/thumb/v7-m/libc_nano.a(lib_a-stdio.o)
 .ARM.attributes
                0x0000000000000713       0x2d /usr/bin/gcc-arm-none-eabi-6-2017-q2-update/bin/../lib/gcc/arm-none-eabi/6.3.1/../../../../arm-none-eabi/lib/thumb/v7-m/libc_nano.a(lib_a-writer.o)
 .ARM.attributes
                0x0000000000000740       0x2d /usr/bin/gcc-arm-none-eabi-6-2017-q2-update/bin/../lib/gcc/arm-none-eabi/6.3.1/../../../../arm-none-eabi/lib/thumb/v7-m/libc_nano.a(lib_a-closer.o)
 .ARM.attributes
                0x000000000000076d       0x2d /usr/bin/gcc-arm-none-eabi-6-2017-q2-update/bin/../lib/gcc/arm-none-eabi/6.3.1/../../../../arm-none-eabi/lib/thumb/v7-m/libc_nano.a(lib_a-fstatr.o)
 .ARM.attributes
                0x000000000000079a       0x2d /usr/bin/gcc-arm-none-eabi-6-2017-q2-update/bin/../lib/gcc/arm-none-eabi/6.3.1/../../../../arm-none-eabi/lib/thumb/v7-m/libc_nano.a(lib_a-isattyr.o)
 .ARM.attributes
                0x00000000000007c7       0x2d /usr/bin/gcc-arm-none-eabi-6-2017-q2-update/bin/../lib/gcc/arm-none-eabi/6.3.1/../../../../arm-none-eabi/lib/thumb/v7-m/libc_nano.a(lib_a-lseekr.o)
 .ARM.attributes
                0x00000000000007f4       0x2d /usr/bin/gcc-arm-none-eabi-6-2017-q2-update/bin/../lib/gcc/arm-none-eabi/6.3.1/../../../../arm-none-eabi/lib/thumb/v7-m/libc_nano.a(lib_a-mlock.o)
 .ARM.attributes
                0x0000000000000821       0x2d /usr/bin/gcc-arm-none-eabi-6-2017-q2-update/bin/../lib/gcc/arm-none-eabi/6.3.1/../../../../arm-none-eabi/lib/thumb/v7-m/libc_nano.a(lib_a-readr.o)
 .ARM.attributes
                0x000000000000084e       0x2d /usr/bin/gcc-arm-none-eabi-6-2017-q2-update/bin/../lib/gcc/arm-none-eabi/6.3.1/../../../../arm-none-eabi/lib/thumb/v7-m/libc_nano.a(lib_a-reent.o)
 .ARM.attributes
                0x000000000000087b       0x2d /usr/bin/gcc-arm-none-eabi-6-2017-q2-update/bin/../lib/gcc/arm-none-eabi/6.3.1/../../../../arm-none-eabi/lib/thumb/v7-m/libnosys.a(close.o)
 .ARM.attributes
                0x00000000000008a8       0x2d /usr/bin/gcc-arm-none-eabi-6-2017-q2-update/bin/../lib/gcc/arm-none-eabi/6.3.1/../../../../arm-none-eabi/lib/thumb/v7-m/libnosys.a(fstat.o)
 .ARM.attributes
                0x00000000000008d5       0x2d /usr/bin/gcc-arm-none-eabi-6-2017-q2-update/bin/../lib/gcc/arm-none-eabi/6.3.1/../../../../arm-none-eabi/lib/thumb/v7-m/libnosys.a(getpid.o)
 .ARM.attributes
                0x0000000000000902       0x2d /usr/bin/gcc-arm-none-eabi-6-2017-q2-update/bin/../lib/gcc/arm-none-eabi/6.3.1/../../../../arm-none-eabi/lib/thumb/v7-m/libnosys.a(isatty.o)
 .ARM.attributes
                0x000000000000092f       0x2d /usr/bin/gcc-arm-none-eabi-6-2017-q2-update/bin/../lib/gcc/arm-none-eabi/6.3.1/../../../../arm-none-eabi/lib/thumb/v7-m/libnosys.a(kill.o)
 .ARM.attributes
                0x000000000000095c       0x2d /usr/bin/gcc-arm-none-eabi-6-2017-q2-update/bin/../lib/gcc/arm-none-eabi/6.3.1/../../../../arm-none-eabi/lib/thumb/v7-m/libnosys.a(lseek.o)
 .ARM.attributes
                0x0000000000000989       0x2d /usr/bin/gcc-arm-none-eabi-6-2017-q2-update/bin/../lib/gcc/arm-none-eabi/6.3.1/../../../../arm-none-eabi/lib/thumb/v7-m/libnosys.a(read.o)
 .ARM.attributes
                0x00000000000009b6       0x2d /usr/bin/gcc-arm-none-eabi-6-2017-q2-update/bin/../lib/gcc/arm-none-eabi/6.3.1/../../../../arm-none-eabi/lib/thumb/v7-m/libnosys.a(sbrk.o)
 .ARM.attributes
                0x00000000000009e3       0x2d /usr/bin/gcc-arm-none-eabi-6-2017-q2-update/bin/../lib/gcc/arm-none-eabi/6.3.1/../../../../arm-none-eabi/lib/thumb/v7-m/libnosys.a(write.o)
 .ARM.attributes
                0x0000000000000a10       0x2d /usr/bin/gcc-arm-none-eabi-6-2017-q2-update/bin/../lib/gcc/arm-none-eabi/6.3.1/../../../../arm-none-eabi/lib/thumb/v7-m/libnosys.a(_exit.o)
 .ARM.attributes
                0x0000000000000a3d       0x1d /usr/bin/gcc-arm-none-eabi-6-2017-q2-update/bin/../lib/gcc/arm-none-eabi/6.3.1/thumb/v7-m/crtn.o
OUTPUT(build/UAVCAN_NODE.elf elf32-littlearm)

.debug_info     0x0000000000000000    0x1485e
 .debug_info    0x0000000000000000     0x1c54 build/main.o
 .debug_info    0x0000000000001c54      0xfd9 build/stm32f1xx_it.o
 .debug_info    0x0000000000002c2d     0x1a99 build/stm32f1xx_hal_msp.o
 .debug_info    0x00000000000046c6     0x1672 build/stm32f1xx_hal_can.o
 .debug_info    0x0000000000005d38     0x20c8 build/stm32f1xx_hal_uart.o
 .debug_info    0x0000000000007e00     0x112e build/stm32f1xx_hal.o
 .debug_info    0x0000000000008f2e     0x1386 build/stm32f1xx_hal_rcc.o
 .debug_info    0x000000000000a2b4      0xfd7 build/stm32f1xx_hal_gpio.o
 .debug_info    0x000000000000b28b     0x1170 build/stm32f1xx_hal_dma.o
 .debug_info    0x000000000000c3fb     0x1601 build/stm32f1xx_hal_cortex.o
 .debug_info    0x000000000000d9fc     0x1889 build/uavcan.o
 .debug_info    0x000000000000f285      0xd4a build/system_stm32f1xx.o
 .debug_info    0x000000000000ffcf     0x3336 build/canard.o
 .debug_info    0x0000000000013305     0x14f3 build/canard_stm32.o
 .debug_info    0x00000000000147f8       0x66 build/startup_stm32f103xb.o

.debug_abbrev   0x0000000000000000     0x2a8d
 .debug_abbrev  0x0000000000000000      0x2d5 build/main.o
 .debug_abbrev  0x00000000000002d5      0x1f0 build/stm32f1xx_it.o
 .debug_abbrev  0x00000000000004c5      0x242 build/stm32f1xx_hal_msp.o
 .debug_abbrev  0x0000000000000707      0x2e5 build/stm32f1xx_hal_can.o
 .debug_abbrev  0x00000000000009ec      0x336 build/stm32f1xx_hal_uart.o
 .debug_abbrev  0x0000000000000d22      0x2ee build/stm32f1xx_hal.o
 .debug_abbrev  0x0000000000001010      0x330 build/stm32f1xx_hal_rcc.o
 .debug_abbrev  0x0000000000001340      0x2bc build/stm32f1xx_hal_gpio.o
 .debug_abbrev  0x00000000000015fc      0x2d2 build/stm32f1xx_hal_dma.o
 .debug_abbrev  0x00000000000018ce      0x3d1 build/stm32f1xx_hal_cortex.o
 .debug_abbrev  0x0000000000001c9f      0x3e6 build/uavcan.o
 .debug_abbrev  0x0000000000002085      0x207 build/system_stm32f1xx.o
 .debug_abbrev  0x000000000000228c      0x46b build/canard.o
 .debug_abbrev  0x00000000000026f7      0x384 build/canard_stm32.o
 .debug_abbrev  0x0000000000002a7b       0x12 build/startup_stm32f103xb.o

.debug_loc      0x0000000000000000     0x87b3
 .debug_loc     0x0000000000000000       0xde build/main.o
 .debug_loc     0x00000000000000de       0x40 build/stm32f1xx_it.o
 .debug_loc     0x000000000000011e      0x19e build/stm32f1xx_hal_msp.o
 .debug_loc     0x00000000000002bc      0xf32 build/stm32f1xx_hal_can.o
 .debug_loc     0x00000000000011ee     0x19c9 build/stm32f1xx_hal_uart.o
 .debug_loc     0x0000000000002bb7      0x1a8 build/stm32f1xx_hal.o
 .debug_loc     0x0000000000002d5f      0x651 build/stm32f1xx_hal_rcc.o
 .debug_loc     0x00000000000033b0      0x501 build/stm32f1xx_hal_gpio.o
 .debug_loc     0x00000000000038b1      0x84b build/stm32f1xx_hal_dma.o
 .debug_loc     0x00000000000040fc      0x63d build/stm32f1xx_hal_cortex.o
 .debug_loc     0x0000000000004739      0x65d build/uavcan.o
 .debug_loc     0x0000000000004d96       0xdf build/system_stm32f1xx.o
 .debug_loc     0x0000000000004e75     0x2f87 build/canard.o
 .debug_loc     0x0000000000007dfc      0x9b7 build/canard_stm32.o

.debug_aranges  0x0000000000000000      0x8c0
 .debug_aranges
                0x0000000000000000       0x48 build/main.o
 .debug_aranges
                0x0000000000000048       0x68 build/stm32f1xx_it.o
 .debug_aranges
                0x00000000000000b0       0x40 build/stm32f1xx_hal_msp.o
 .debug_aranges
                0x00000000000000f0       0xb0 build/stm32f1xx_hal_can.o
 .debug_aranges
                0x00000000000001a0      0x1d0 build/stm32f1xx_hal_uart.o
 .debug_aranges
                0x0000000000000370       0xd0 build/stm32f1xx_hal.o
 .debug_aranges
                0x0000000000000440       0x90 build/stm32f1xx_hal_rcc.o
 .debug_aranges
                0x00000000000004d0       0x58 build/stm32f1xx_hal_gpio.o
 .debug_aranges
                0x0000000000000528       0x80 build/stm32f1xx_hal_dma.o
 .debug_aranges
                0x00000000000005a8       0x90 build/stm32f1xx_hal_cortex.o
 .debug_aranges
                0x0000000000000638       0x68 build/uavcan.o
 .debug_aranges
                0x00000000000006a0       0x28 build/system_stm32f1xx.o
 .debug_aranges
                0x00000000000006c8      0x168 build/canard.o
 .debug_aranges
                0x0000000000000830       0x68 build/canard_stm32.o
 .debug_aranges
                0x0000000000000898       0x28 build/startup_stm32f103xb.o

.debug_ranges   0x0000000000000000      0xb28
 .debug_ranges  0x0000000000000000       0x38 build/main.o
 .debug_ranges  0x0000000000000038       0x58 build/stm32f1xx_it.o
 .debug_ranges  0x0000000000000090       0x30 build/stm32f1xx_hal_msp.o
 .debug_ranges  0x00000000000000c0       0xa0 build/stm32f1xx_hal_can.o
 .debug_ranges  0x0000000000000160      0x1c0 build/stm32f1xx_hal_uart.o
 .debug_ranges  0x0000000000000320       0xc0 build/stm32f1xx_hal.o
 .debug_ranges  0x00000000000003e0       0xa0 build/stm32f1xx_hal_rcc.o
 .debug_ranges  0x0000000000000480       0x48 build/stm32f1xx_hal_gpio.o
 .debug_ranges  0x00000000000004c8       0x70 build/stm32f1xx_hal_dma.o
 .debug_ranges  0x0000000000000538       0xe0 build/stm32f1xx_hal_cortex.o
 .debug_ranges  0x0000000000000618       0xa0 build/uavcan.o
 .debug_ranges  0x00000000000006b8       0x18 build/system_stm32f1xx.o
 .debug_ranges  0x00000000000006d0      0x310 build/canard.o
 .debug_ranges  0x00000000000009e0      0x128 build/canard_stm32.o
 .debug_ranges  0x0000000000000b08       0x20 build/startup_stm32f103xb.o

.debug_line     0x0000000000000000     0x4a34
 .debug_line    0x0000000000000000      0x3d1 build/main.o
 .debug_line    0x00000000000003d1      0x30d build/stm32f1xx_it.o
 .debug_line    0x00000000000006de      0x30d build/stm32f1xx_hal_msp.o
 .debug_line    0x00000000000009eb      0x843 build/stm32f1xx_hal_can.o
 .debug_line    0x000000000000122e      0xb76 build/stm32f1xx_hal_uart.o
 .debug_line    0x0000000000001da4      0x40a build/stm32f1xx_hal.o
 .debug_line    0x00000000000021ae      0x56a build/stm32f1xx_hal_rcc.o
 .debug_line    0x0000000000002718      0x405 build/stm32f1xx_hal_gpio.o
 .debug_line    0x0000000000002b1d      0x5d5 build/stm32f1xx_hal_dma.o
 .debug_line    0x00000000000030f2      0x3b3 build/stm32f1xx_hal_cortex.o
 .debug_line    0x00000000000034a5      0x3ff build/uavcan.o
 .debug_line    0x00000000000038a4      0x238 build/system_stm32f1xx.o
 .debug_line    0x0000000000003adc      0x9e9 build/canard.o
 .debug_line    0x00000000000044c5      0x4fd build/canard_stm32.o
 .debug_line    0x00000000000049c2       0x72 build/startup_stm32f103xb.o

.debug_str      0x0000000000000000     0x3447
 .debug_str     0x0000000000000000     0x114c build/main.o
                                       0x1225 (size before relaxing)
 .debug_str     0x000000000000114c       0xec build/stm32f1xx_it.o
                                        0xa26 (size before relaxing)
 .debug_str     0x0000000000001238       0xe8 build/stm32f1xx_hal_msp.o
                                       0x105e (size before relaxing)
 .debug_str     0x0000000000001320      0x253 build/stm32f1xx_hal_can.o
                                        0xbaa (size before relaxing)
 .debug_str     0x0000000000001573      0x562 build/stm32f1xx_hal_uart.o
                                        0xf79 (size before relaxing)
 .debug_str     0x0000000000001ad5      0x28a build/stm32f1xx_hal.o
                                        0xc16 (size before relaxing)
 .debug_str     0x0000000000001d5f      0x194 build/stm32f1xx_hal_rcc.o
                                        0xa08 (size before relaxing)
 .debug_str     0x0000000000001ef3      0x11e build/stm32f1xx_hal_gpio.o
                                        0x831 (size before relaxing)
 .debug_str     0x0000000000002011      0x207 build/stm32f1xx_hal_dma.o
                                        0xa28 (size before relaxing)
 .debug_str     0x0000000000002218      0x24c build/stm32f1xx_hal_cortex.o
                                        0xcc4 (size before relaxing)
 .debug_str     0x0000000000002464      0x673 build/uavcan.o
                                        0xd1c (size before relaxing)
 .debug_str     0x0000000000002ad7       0x4a build/system_stm32f1xx.o
                                        0x69a (size before relaxing)
 .debug_str     0x0000000000002b21      0x653 build/canard.o
                                       0x108b (size before relaxing)
 .debug_str     0x0000000000003174      0x2d3 build/canard_stm32.o
                                        0xab4 (size before relaxing)

.comment        0x0000000000000000       0x7f
 .comment       0x0000000000000000       0x7f build/main.o
                                         0x80 (size before relaxing)
 .comment       0x000000000000007f       0x80 build/stm32f1xx_it.o
 .comment       0x000000000000007f       0x80 build/stm32f1xx_hal_msp.o
 .comment       0x000000000000007f       0x80 build/stm32f1xx_hal_can.o
 .comment       0x000000000000007f       0x80 build/stm32f1xx_hal_uart.o
 .comment       0x000000000000007f       0x80 build/stm32f1xx_hal.o
 .comment       0x000000000000007f       0x80 build/stm32f1xx_hal_rcc.o
 .comment       0x000000000000007f       0x80 build/stm32f1xx_hal_gpio.o
 .comment       0x000000000000007f       0x80 build/stm32f1xx_hal_dma.o
 .comment       0x000000000000007f       0x80 build/stm32f1xx_hal_cortex.o
 .comment       0x000000000000007f       0x80 build/uavcan.o
 .comment       0x000000000000007f       0x80 build/system_stm32f1xx.o
 .comment       0x000000000000007f       0x80 build/canard.o
 .comment       0x000000000000007f       0x80 build/canard_stm32.o

.debug_frame    0x0000000000000000     0x2344
 .debug_frame   0x0000000000000000       0xb4 build/main.o
 .debug_frame   0x00000000000000b4       0xc8 build/stm32f1xx_it.o
 .debug_frame   0x000000000000017c       0xac build/stm32f1xx_hal_msp.o
 .debug_frame   0x0000000000000228      0x250 build/stm32f1xx_hal_can.o
 .debug_frame   0x0000000000000478      0x57c build/stm32f1xx_hal_uart.o
 .debug_frame   0x00000000000009f4      0x1c0 build/stm32f1xx_hal.o
 .debug_frame   0x0000000000000bb4      0x18c build/stm32f1xx_hal_rcc.o
 .debug_frame   0x0000000000000d40      0x104 build/stm32f1xx_hal_gpio.o
 .debug_frame   0x0000000000000e44      0x168 build/stm32f1xx_hal_dma.o
 .debug_frame   0x0000000000000fac      0x13c build/stm32f1xx_hal_cortex.o
 .debug_frame   0x00000000000010e8      0x148 build/uavcan.o
 .debug_frame   0x0000000000001230       0x30 build/system_stm32f1xx.o
 .debug_frame   0x0000000000001260      0x560 build/canard.o
 .debug_frame   0x00000000000017c0      0x180 build/canard_stm32.o
 .debug_frame   0x0000000000001940       0x40 /usr/bin/gcc-arm-none-eabi-6-2017-q2-update/bin/../lib/gcc/arm-none-eabi/6.3.1/../../../../arm-none-eabi/lib/thumb/v7-m/libc_nano.a(lib_a-assert.o)
 .debug_frame   0x0000000000001980       0x64 /usr/bin/gcc-arm-none-eabi-6-2017-q2-update/bin/../lib/gcc/arm-none-eabi/6.3.1/../../../../arm-none-eabi/lib/thumb/v7-m/libc_nano.a(lib_a-fprintf.o)
 .debug_frame   0x00000000000019e4       0x2c /usr/bin/gcc-arm-none-eabi-6-2017-q2-update/bin/../lib/gcc/arm-none-eabi/6.3.1/../../../../arm-none-eabi/lib/thumb/v7-m/libc_nano.a(lib_a-init.o)
 .debug_frame   0x0000000000001a10       0x28 /usr/bin/gcc-arm-none-eabi-6-2017-q2-update/bin/../lib/gcc/arm-none-eabi/6.3.1/../../../../arm-none-eabi/lib/thumb/v7-m/libc_nano.a(lib_a-memcpy-stub.o)
 .debug_frame   0x0000000000001a38       0x20 /usr/bin/gcc-arm-none-eabi-6-2017-q2-update/bin/../lib/gcc/arm-none-eabi/6.3.1/../../../../arm-none-eabi/lib/thumb/v7-m/libc_nano.a(lib_a-memset.o)
 .debug_frame   0x0000000000001a58       0xac /usr/bin/gcc-arm-none-eabi-6-2017-q2-update/bin/../lib/gcc/arm-none-eabi/6.3.1/../../../../arm-none-eabi/lib/thumb/v7-m/libc_nano.a(lib_a-nano-vfprintf.o)
 .debug_frame   0x0000000000001b04       0x60 /usr/bin/gcc-arm-none-eabi-6-2017-q2-update/bin/../lib/gcc/arm-none-eabi/6.3.1/../../../../arm-none-eabi/lib/thumb/v7-m/libc_nano.a(lib_a-nano-vfprintf_i.o)
 .debug_frame   0x0000000000001b64       0x40 /usr/bin/gcc-arm-none-eabi-6-2017-q2-update/bin/../lib/gcc/arm-none-eabi/6.3.1/../../../../arm-none-eabi/lib/thumb/v7-m/libc_nano.a(lib_a-wbuf.o)
 .debug_frame   0x0000000000001ba4       0x2c /usr/bin/gcc-arm-none-eabi-6-2017-q2-update/bin/../lib/gcc/arm-none-eabi/6.3.1/../../../../arm-none-eabi/lib/thumb/v7-m/libc_nano.a(lib_a-wsetup.o)
 .debug_frame   0x0000000000001bd0       0x28 /usr/bin/gcc-arm-none-eabi-6-2017-q2-update/bin/../lib/gcc/arm-none-eabi/6.3.1/../../../../arm-none-eabi/lib/thumb/v7-m/libc_nano.a(lib_a-abort.o)
 .debug_frame   0x0000000000001bf8       0x68 /usr/bin/gcc-arm-none-eabi-6-2017-q2-update/bin/../lib/gcc/arm-none-eabi/6.3.1/../../../../arm-none-eabi/lib/thumb/v7-m/libc_nano.a(lib_a-fflush.o)
 .debug_frame   0x0000000000001c60      0x11c /usr/bin/gcc-arm-none-eabi-6-2017-q2-update/bin/../lib/gcc/arm-none-eabi/6.3.1/../../../../arm-none-eabi/lib/thumb/v7-m/libc_nano.a(lib_a-findfp.o)
 .debug_frame   0x0000000000001d7c       0x54 /usr/bin/gcc-arm-none-eabi-6-2017-q2-update/bin/../lib/gcc/arm-none-eabi/6.3.1/../../../../arm-none-eabi/lib/thumb/v7-m/libc_nano.a(lib_a-fwalk.o)
 .debug_frame   0x0000000000001dd0       0x58 /usr/bin/gcc-arm-none-eabi-6-2017-q2-update/bin/../lib/gcc/arm-none-eabi/6.3.1/../../../../arm-none-eabi/lib/thumb/v7-m/libc_nano.a(lib_a-makebuf.o)
 .debug_frame   0x0000000000001e28       0x28 /usr/bin/gcc-arm-none-eabi-6-2017-q2-update/bin/../lib/gcc/arm-none-eabi/6.3.1/../../../../arm-none-eabi/lib/thumb/v7-m/libc_nano.a(lib_a-memchr-stub.o)
 .debug_frame   0x0000000000001e50       0x38 /usr/bin/gcc-arm-none-eabi-6-2017-q2-update/bin/../lib/gcc/arm-none-eabi/6.3.1/../../../../arm-none-eabi/lib/thumb/v7-m/libc_nano.a(lib_a-nano-freer.o)
 .debug_frame   0x0000000000001e88       0x2c /usr/bin/gcc-arm-none-eabi-6-2017-q2-update/bin/../lib/gcc/arm-none-eabi/6.3.1/../../../../arm-none-eabi/lib/thumb/v7-m/libc_nano.a(lib_a-nano-mallocr.o)
 .debug_frame   0x0000000000001eb4       0x2c /usr/bin/gcc-arm-none-eabi-6-2017-q2-update/bin/../lib/gcc/arm-none-eabi/6.3.1/../../../../arm-none-eabi/lib/thumb/v7-m/libc_nano.a(lib_a-sbrkr.o)
 .debug_frame   0x0000000000001ee0       0xcc /usr/bin/gcc-arm-none-eabi-6-2017-q2-update/bin/../lib/gcc/arm-none-eabi/6.3.1/../../../../arm-none-eabi/lib/thumb/v7-m/libc_nano.a(lib_a-signal.o)
 .debug_frame   0x0000000000001fac       0x3c /usr/bin/gcc-arm-none-eabi-6-2017-q2-update/bin/../lib/gcc/arm-none-eabi/6.3.1/../../../../arm-none-eabi/lib/thumb/v7-m/libc_nano.a(lib_a-signalr.o)
 .debug_frame   0x0000000000001fe8       0x88 /usr/bin/gcc-arm-none-eabi-6-2017-q2-update/bin/../lib/gcc/arm-none-eabi/6.3.1/../../../../arm-none-eabi/lib/thumb/v7-m/libc_nano.a(lib_a-stdio.o)
 .debug_frame   0x0000000000002070       0x2c /usr/bin/gcc-arm-none-eabi-6-2017-q2-update/bin/../lib/gcc/arm-none-eabi/6.3.1/../../../../arm-none-eabi/lib/thumb/v7-m/libc_nano.a(lib_a-writer.o)
 .debug_frame   0x000000000000209c       0x2c /usr/bin/gcc-arm-none-eabi-6-2017-q2-update/bin/../lib/gcc/arm-none-eabi/6.3.1/../../../../arm-none-eabi/lib/thumb/v7-m/libc_nano.a(lib_a-closer.o)
 .debug_frame   0x00000000000020c8       0x2c /usr/bin/gcc-arm-none-eabi-6-2017-q2-update/bin/../lib/gcc/arm-none-eabi/6.3.1/../../../../arm-none-eabi/lib/thumb/v7-m/libc_nano.a(lib_a-fstatr.o)
 .debug_frame   0x00000000000020f4       0x2c /usr/bin/gcc-arm-none-eabi-6-2017-q2-update/bin/../lib/gcc/arm-none-eabi/6.3.1/../../../../arm-none-eabi/lib/thumb/v7-m/libc_nano.a(lib_a-isattyr.o)
 .debug_frame   0x0000000000002120       0x2c /usr/bin/gcc-arm-none-eabi-6-2017-q2-update/bin/../lib/gcc/arm-none-eabi/6.3.1/../../../../arm-none-eabi/lib/thumb/v7-m/libc_nano.a(lib_a-lseekr.o)
 .debug_frame   0x000000000000214c       0x30 /usr/bin/gcc-arm-none-eabi-6-2017-q2-update/bin/../lib/gcc/arm-none-eabi/6.3.1/../../../../arm-none-eabi/lib/thumb/v7-m/libc_nano.a(lib_a-mlock.o)
 .debug_frame   0x000000000000217c       0x2c /usr/bin/gcc-arm-none-eabi-6-2017-q2-update/bin/../lib/gcc/arm-none-eabi/6.3.1/../../../../arm-none-eabi/lib/thumb/v7-m/libc_nano.a(lib_a-readr.o)
 .debug_frame   0x00000000000021a8       0x5c /usr/bin/gcc-arm-none-eabi-6-2017-q2-update/bin/../lib/gcc/arm-none-eabi/6.3.1/../../../../arm-none-eabi/lib/thumb/v7-m/libc_nano.a(lib_a-reent.o)
 .debug_frame   0x0000000000002204       0x20 /usr/bin/gcc-arm-none-eabi-6-2017-q2-update/bin/../lib/gcc/arm-none-eabi/6.3.1/../../../../arm-none-eabi/lib/thumb/v7-m/libnosys.a(close.o)
 .debug_frame   0x0000000000002224       0x20 /usr/bin/gcc-arm-none-eabi-6-2017-q2-update/bin/../lib/gcc/arm-none-eabi/6.3.1/../../../../arm-none-eabi/lib/thumb/v7-m/libnosys.a(fstat.o)
 .debug_frame   0x0000000000002244       0x20 /usr/bin/gcc-arm-none-eabi-6-2017-q2-update/bin/../lib/gcc/arm-none-eabi/6.3.1/../../../../arm-none-eabi/lib/thumb/v7-m/libnosys.a(getpid.o)
 .debug_frame   0x0000000000002264       0x20 /usr/bin/gcc-arm-none-eabi-6-2017-q2-update/bin/../lib/gcc/arm-none-eabi/6.3.1/../../../../arm-none-eabi/lib/thumb/v7-m/libnosys.a(isatty.o)
 .debug_frame   0x0000000000002284       0x20 /usr/bin/gcc-arm-none-eabi-6-2017-q2-update/bin/../lib/gcc/arm-none-eabi/6.3.1/../../../../arm-none-eabi/lib/thumb/v7-m/libnosys.a(kill.o)
 .debug_frame   0x00000000000022a4       0x20 /usr/bin/gcc-arm-none-eabi-6-2017-q2-update/bin/../lib/gcc/arm-none-eabi/6.3.1/../../../../arm-none-eabi/lib/thumb/v7-m/libnosys.a(lseek.o)
 .debug_frame   0x00000000000022c4       0x20 /usr/bin/gcc-arm-none-eabi-6-2017-q2-update/bin/../lib/gcc/arm-none-eabi/6.3.1/../../../../arm-none-eabi/lib/thumb/v7-m/libnosys.a(read.o)
 .debug_frame   0x00000000000022e4       0x20 /usr/bin/gcc-arm-none-eabi-6-2017-q2-update/bin/../lib/gcc/arm-none-eabi/6.3.1/../../../../arm-none-eabi/lib/thumb/v7-m/libnosys.a(sbrk.o)
 .debug_frame   0x0000000000002304       0x20 /usr/bin/gcc-arm-none-eabi-6-2017-q2-update/bin/../lib/gcc/arm-none-eabi/6.3.1/../../../../arm-none-eabi/lib/thumb/v7-m/libnosys.a(write.o)
 .debug_frame   0x0000000000002324       0x20 /usr/bin/gcc-arm-none-eabi-6-2017-q2-update/bin/../lib/gcc/arm-none-eabi/6.3.1/../../../../arm-none-eabi/lib/thumb/v7-m/libnosys.a(_exit.o)

.stab           0x0000000000000000       0xcc
 .stab          0x0000000000000000       0x24 /usr/bin/gcc-arm-none-eabi-6-2017-q2-update/bin/../lib/gcc/arm-none-eabi/6.3.1/../../../../arm-none-eabi/lib/thumb/v7-m/libnosys.a(close.o)
 .stab          0x0000000000000024       0x18 /usr/bin/gcc-arm-none-eabi-6-2017-q2-update/bin/../lib/gcc/arm-none-eabi/6.3.1/../../../../arm-none-eabi/lib/thumb/v7-m/libnosys.a(fstat.o)
                                         0x24 (size before relaxing)
 .stab          0x000000000000003c       0x18 /usr/bin/gcc-arm-none-eabi-6-2017-q2-update/bin/../lib/gcc/arm-none-eabi/6.3.1/../../../../arm-none-eabi/lib/thumb/v7-m/libnosys.a(getpid.o)
                                         0x24 (size before relaxing)
 .stab          0x0000000000000054       0x18 /usr/bin/gcc-arm-none-eabi-6-2017-q2-update/bin/../lib/gcc/arm-none-eabi/6.3.1/../../../../arm-none-eabi/lib/thumb/v7-m/libnosys.a(isatty.o)
                                         0x24 (size before relaxing)
 .stab          0x000000000000006c       0x18 /usr/bin/gcc-arm-none-eabi-6-2017-q2-update/bin/../lib/gcc/arm-none-eabi/6.3.1/../../../../arm-none-eabi/lib/thumb/v7-m/libnosys.a(kill.o)
                                         0x24 (size before relaxing)
 .stab          0x0000000000000084       0x18 /usr/bin/gcc-arm-none-eabi-6-2017-q2-update/bin/../lib/gcc/arm-none-eabi/6.3.1/../../../../arm-none-eabi/lib/thumb/v7-m/libnosys.a(lseek.o)
                                         0x24 (size before relaxing)
 .stab          0x000000000000009c       0x18 /usr/bin/gcc-arm-none-eabi-6-2017-q2-update/bin/../lib/gcc/arm-none-eabi/6.3.1/../../../../arm-none-eabi/lib/thumb/v7-m/libnosys.a(read.o)
                                         0x24 (size before relaxing)
 .stab          0x00000000000000b4       0x18 /usr/bin/gcc-arm-none-eabi-6-2017-q2-update/bin/../lib/gcc/arm-none-eabi/6.3.1/../../../../arm-none-eabi/lib/thumb/v7-m/libnosys.a(write.o)
                                         0x24 (size before relaxing)

.stabstr        0x0000000000000000      0x1b9
 .stabstr       0x0000000000000000      0x1b9 /usr/bin/gcc-arm-none-eabi-6-2017-q2-update/bin/../lib/gcc/arm-none-eabi/6.3.1/../../../../arm-none-eabi/lib/thumb/v7-m/libnosys.a(close.o)

Cross Reference Table

Symbol                                            File
ADC1_2_IRQHandler                                 build/startup_stm32f103xb.o
AHBPrescTable                                     build/system_stm32f1xx.o
                                                  build/stm32f1xx_hal_rcc.o
APBPrescTable                                     build/system_stm32f1xx.o
                                                  build/stm32f1xx_hal_rcc.o
BusFault_Handler                                  build/stm32f1xx_it.o
CAN1_RX1_IRQHandler                               build/startup_stm32f103xb.o
CAN1_SCE_IRQHandler                               build/startup_stm32f103xb.o
DMA1_Channel1_IRQHandler                          build/startup_stm32f103xb.o
DMA1_Channel2_IRQHandler                          build/startup_stm32f103xb.o
DMA1_Channel3_IRQHandler                          build/startup_stm32f103xb.o
DMA1_Channel4_IRQHandler                          build/startup_stm32f103xb.o
DMA1_Channel5_IRQHandler                          build/startup_stm32f103xb.o
DMA1_Channel6_IRQHandler                          build/startup_stm32f103xb.o
DMA1_Channel7_IRQHandler                          build/startup_stm32f103xb.o
DebugMon_Handler                                  build/stm32f1xx_it.o
Default_Handler                                   build/startup_stm32f103xb.o
EXTI0_IRQHandler                                  build/startup_stm32f103xb.o
EXTI15_10_IRQHandler                              build/startup_stm32f103xb.o
EXTI1_IRQHandler                                  build/startup_stm32f103xb.o
EXTI2_IRQHandler                                  build/startup_stm32f103xb.o
EXTI3_IRQHandler                                  build/startup_stm32f103xb.o
EXTI4_IRQHandler                                  build/startup_stm32f103xb.o
EXTI9_5_IRQHandler                                build/startup_stm32f103xb.o
FLASH_IRQHandler                                  build/startup_stm32f103xb.o
FLASH_PageErase                                   build/stm32f1xx_hal_flash_ex.o
                                                  build/stm32f1xx_hal_flash.o
FLASH_WaitForLastOperation                        build/stm32f1xx_hal_flash.o
                                                  build/stm32f1xx_hal_flash_ex.o
HAL_CAN_ConfigFilter                              build/stm32f1xx_hal_can.o
HAL_CAN_DeInit                                    build/stm32f1xx_hal_can.o
HAL_CAN_ErrorCallback                             build/stm32f1xx_hal_can.o
HAL_CAN_GetError                                  build/stm32f1xx_hal_can.o
HAL_CAN_GetState                                  build/stm32f1xx_hal_can.o
HAL_CAN_IRQHandler                                build/stm32f1xx_hal_can.o
HAL_CAN_Init                                      build/stm32f1xx_hal_can.o
                                                  build/main.o
HAL_CAN_MspDeInit                                 build/stm32f1xx_hal_msp.o
HAL_CAN_MspInit                                   build/stm32f1xx_hal_msp.o
HAL_CAN_Receive                                   build/stm32f1xx_hal_can.o
HAL_CAN_Receive_IT                                build/stm32f1xx_hal_can.o
HAL_CAN_RxCpltCallback                            build/stm32f1xx_hal_can.o
HAL_CAN_Sleep                                     build/stm32f1xx_hal_can.o
HAL_CAN_Transmit                                  build/stm32f1xx_hal_can.o
HAL_CAN_Transmit_IT                               build/stm32f1xx_hal_can.o
HAL_CAN_TxCpltCallback                            build/stm32f1xx_hal_can.o
HAL_CAN_WakeUp                                    build/stm32f1xx_hal_can.o
HAL_DBGMCU_DisableDBGSleepMode                    build/stm32f1xx_hal.o
HAL_DBGMCU_DisableDBGStandbyMode                  build/stm32f1xx_hal.o
HAL_DBGMCU_DisableDBGStopMode                     build/stm32f1xx_hal.o
HAL_DBGMCU_EnableDBGSleepMode                     build/stm32f1xx_hal.o
HAL_DBGMCU_EnableDBGStandbyMode                   build/stm32f1xx_hal.o
HAL_DBGMCU_EnableDBGStopMode                      build/stm32f1xx_hal.o
HAL_DMA_Abort                                     build/stm32f1xx_hal_dma.o
                                                  build/stm32f1xx_hal_uart.o
HAL_DMA_Abort_IT                                  build/stm32f1xx_hal_dma.o
                                                  build/stm32f1xx_hal_uart.o
HAL_DMA_DeInit                                    build/stm32f1xx_hal_dma.o
HAL_DMA_GetError                                  build/stm32f1xx_hal_dma.o
HAL_DMA_GetState                                  build/stm32f1xx_hal_dma.o
HAL_DMA_IRQHandler                                build/stm32f1xx_hal_dma.o
HAL_DMA_Init                                      build/stm32f1xx_hal_dma.o
HAL_DMA_PollForTransfer                           build/stm32f1xx_hal_dma.o
HAL_DMA_RegisterCallback                          build/stm32f1xx_hal_dma.o
HAL_DMA_Start                                     build/stm32f1xx_hal_dma.o
HAL_DMA_Start_IT                                  build/stm32f1xx_hal_dma.o
                                                  build/stm32f1xx_hal_uart.o
HAL_DMA_UnRegisterCallback                        build/stm32f1xx_hal_dma.o
HAL_DeInit                                        build/stm32f1xx_hal.o
HAL_Delay                                         build/stm32f1xx_hal.o
                                                  build/canard_stm32.o
HAL_FLASHEx_Erase                                 build/stm32f1xx_hal_flash_ex.o
HAL_FLASHEx_Erase_IT                              build/stm32f1xx_hal_flash_ex.o
HAL_FLASHEx_OBErase                               build/stm32f1xx_hal_flash_ex.o
HAL_FLASHEx_OBGetConfig                           build/stm32f1xx_hal_flash_ex.o
HAL_FLASHEx_OBGetUserData                         build/stm32f1xx_hal_flash_ex.o
HAL_FLASHEx_OBProgram                             build/stm32f1xx_hal_flash_ex.o
HAL_FLASH_EndOfOperationCallback                  build/stm32f1xx_hal_flash.o
HAL_FLASH_GetError                                build/stm32f1xx_hal_flash.o
HAL_FLASH_IRQHandler                              build/stm32f1xx_hal_flash.o
HAL_FLASH_Lock                                    build/stm32f1xx_hal_flash.o
HAL_FLASH_OB_Launch                               build/stm32f1xx_hal_flash.o
HAL_FLASH_OB_Lock                                 build/stm32f1xx_hal_flash.o
HAL_FLASH_OB_Unlock                               build/stm32f1xx_hal_flash.o
HAL_FLASH_OperationErrorCallback                  build/stm32f1xx_hal_flash.o
HAL_FLASH_Program                                 build/stm32f1xx_hal_flash.o
HAL_FLASH_Program_IT                              build/stm32f1xx_hal_flash.o
HAL_FLASH_Unlock                                  build/stm32f1xx_hal_flash.o
HAL_GPIOEx_ConfigEventout                         build/stm32f1xx_hal_gpio_ex.o
HAL_GPIOEx_DisableEventout                        build/stm32f1xx_hal_gpio_ex.o
HAL_GPIOEx_EnableEventout                         build/stm32f1xx_hal_gpio_ex.o
HAL_GPIO_DeInit                                   build/stm32f1xx_hal_gpio.o
                                                  build/stm32f1xx_hal_msp.o
HAL_GPIO_EXTI_Callback                            build/stm32f1xx_hal_gpio.o
HAL_GPIO_EXTI_IRQHandler                          build/stm32f1xx_hal_gpio.o
HAL_GPIO_Init                                     build/stm32f1xx_hal_gpio.o
                                                  build/stm32f1xx_hal_rcc.o
                                                  build/stm32f1xx_hal_msp.o
                                                  build/main.o
HAL_GPIO_LockPin                                  build/stm32f1xx_hal_gpio.o
HAL_GPIO_ReadPin                                  build/stm32f1xx_hal_gpio.o
HAL_GPIO_TogglePin                                build/stm32f1xx_hal_gpio.o
                                                  build/uavcan.o
HAL_GPIO_WritePin                                 build/stm32f1xx_hal_gpio.o
                                                  build/main.o
HAL_GetDEVID                                      build/stm32f1xx_hal.o
HAL_GetHalVersion                                 build/stm32f1xx_hal.o
HAL_GetREVID                                      build/stm32f1xx_hal.o
HAL_GetTick                                       build/stm32f1xx_hal.o
                                                  build/uavcan.o
                                                  build/stm32f1xx_hal_flash.o
                                                  build/stm32f1xx_hal_dma.o
                                                  build/stm32f1xx_hal_rcc_ex.o
                                                  build/stm32f1xx_hal_rcc.o
                                                  build/stm32f1xx_hal_uart.o
                                                  build/stm32f1xx_hal_can.o
HAL_GetTickFreq                                   build/stm32f1xx_hal.o
HAL_GetTickPrio                                   build/stm32f1xx_hal.o
HAL_GetUID                                        build/stm32f1xx_hal.o
HAL_HalfDuplex_EnableReceiver                     build/stm32f1xx_hal_uart.o
HAL_HalfDuplex_EnableTransmitter                  build/stm32f1xx_hal_uart.o
HAL_HalfDuplex_Init                               build/stm32f1xx_hal_uart.o
HAL_IncTick                                       build/stm32f1xx_hal.o
                                                  build/stm32f1xx_it.o
HAL_Init                                          build/stm32f1xx_hal.o
                                                  build/main.o
HAL_InitTick                                      build/stm32f1xx_hal.o
                                                  build/stm32f1xx_hal_rcc.o
HAL_LIN_Init                                      build/stm32f1xx_hal_uart.o
HAL_LIN_SendBreak                                 build/stm32f1xx_hal_uart.o
HAL_MspDeInit                                     build/stm32f1xx_hal.o
HAL_MspInit                                       build/stm32f1xx_hal_msp.o
HAL_MultiProcessor_EnterMuteMode                  build/stm32f1xx_hal_uart.o
HAL_MultiProcessor_ExitMuteMode                   build/stm32f1xx_hal_uart.o
HAL_MultiProcessor_Init                           build/stm32f1xx_hal_uart.o
HAL_NVIC_ClearPendingIRQ                          build/stm32f1xx_hal_cortex.o
HAL_NVIC_DisableIRQ                               build/stm32f1xx_hal_cortex.o
                                                  build/stm32f1xx_hal_msp.o
HAL_NVIC_EnableIRQ                                build/stm32f1xx_hal_cortex.o
                                                  build/stm32f1xx_hal_msp.o
HAL_NVIC_GetActive                                build/stm32f1xx_hal_cortex.o
HAL_NVIC_GetPendingIRQ                            build/stm32f1xx_hal_cortex.o
HAL_NVIC_GetPriority                              build/stm32f1xx_hal_cortex.o
HAL_NVIC_GetPriorityGrouping                      build/stm32f1xx_hal_cortex.o
HAL_NVIC_SetPendingIRQ                            build/stm32f1xx_hal_cortex.o
HAL_NVIC_SetPriority                              build/stm32f1xx_hal_cortex.o
                                                  build/stm32f1xx_hal.o
                                                  build/stm32f1xx_hal_msp.o
                                                  build/main.o
HAL_NVIC_SetPriorityGrouping                      build/stm32f1xx_hal_cortex.o
                                                  build/stm32f1xx_hal.o
                                                  build/stm32f1xx_hal_msp.o
HAL_NVIC_SystemReset                              build/stm32f1xx_hal_cortex.o
                                                  build/stm32f1xx_hal_flash.o
HAL_PWR_ConfigPVD                                 build/stm32f1xx_hal_pwr.o
HAL_PWR_DeInit                                    build/stm32f1xx_hal_pwr.o
HAL_PWR_DisableBkUpAccess                         build/stm32f1xx_hal_pwr.o
HAL_PWR_DisablePVD                                build/stm32f1xx_hal_pwr.o
HAL_PWR_DisableSEVOnPend                          build/stm32f1xx_hal_pwr.o
HAL_PWR_DisableSleepOnExit                        build/stm32f1xx_hal_pwr.o
HAL_PWR_DisableWakeUpPin                          build/stm32f1xx_hal_pwr.o
HAL_PWR_EnableBkUpAccess                          build/stm32f1xx_hal_pwr.o
HAL_PWR_EnablePVD                                 build/stm32f1xx_hal_pwr.o
HAL_PWR_EnableSEVOnPend                           build/stm32f1xx_hal_pwr.o
HAL_PWR_EnableSleepOnExit                         build/stm32f1xx_hal_pwr.o
HAL_PWR_EnableWakeUpPin                           build/stm32f1xx_hal_pwr.o
HAL_PWR_EnterSLEEPMode                            build/stm32f1xx_hal_pwr.o
HAL_PWR_EnterSTANDBYMode                          build/stm32f1xx_hal_pwr.o
HAL_PWR_EnterSTOPMode                             build/stm32f1xx_hal_pwr.o
HAL_PWR_PVDCallback                               build/stm32f1xx_hal_pwr.o
HAL_PWR_PVD_IRQHandler                            build/stm32f1xx_hal_pwr.o
HAL_RCCEx_GetPeriphCLKConfig                      build/stm32f1xx_hal_rcc_ex.o
HAL_RCCEx_GetPeriphCLKFreq                        build/stm32f1xx_hal_rcc_ex.o
HAL_RCCEx_PeriphCLKConfig                         build/stm32f1xx_hal_rcc_ex.o
HAL_RCC_CSSCallback                               build/stm32f1xx_hal_rcc.o
HAL_RCC_ClockConfig                               build/stm32f1xx_hal_rcc.o
                                                  build/main.o
HAL_RCC_DeInit                                    build/stm32f1xx_hal_rcc.o
HAL_RCC_DisableCSS                                build/stm32f1xx_hal_rcc.o
HAL_RCC_EnableCSS                                 build/stm32f1xx_hal_rcc.o
HAL_RCC_GetClockConfig                            build/stm32f1xx_hal_rcc.o
HAL_RCC_GetHCLKFreq                               build/stm32f1xx_hal_rcc.o
                                                  build/main.o
HAL_RCC_GetOscConfig                              build/stm32f1xx_hal_rcc.o
HAL_RCC_GetPCLK1Freq                              build/stm32f1xx_hal_rcc.o
                                                  build/uavcan.o